Component: ARM Compiler 5.06 update 6 (build 750) Tool: armlink [4d35ed]

==============================================================================

Section Cross References

    main.o(i.main) refers to rcc.o(i._Z8RCC_Initv) for RCC_Init()
    main.o(i.main) refers to common.o(i._Z4jtagv) for jtag()
    main.o(i.main) refers to timer.o(i._Z9delay_conv) for delay_con()
    main.o(i.main) refers to lcd.o(i._Z9ConfigLcdv) for ConfigLcd()
    main.o(i.main) refers to common.o(i._Z4COM1v) for COM1()
    main.o(i.main) refers to lcd.o(i._Z11LCD_commandh) for LCD_command(unsigned char)
    main.o(i.main) refers to lcd.o(i._Z3lcdPc) for lcd(char*)
    main.o(i.main) refers to usart.o(i._Z14USART_SendDataP13USART_TypeDefh) for USART_SendData(USART_TypeDef*, unsigned char)
    main.o(.ARM.exidx) refers to main.o(i.main) for i.main
    common.o(i.TIM6_DAC_IRQHandler) refers to common.o(.data) for IMU_TIMER
    common.o(i.TIM7_IRQHandler) refers to common.o(.data) for te
    common.o(i._Z10actuationsv) refers to gpio.o(i._Z10GPIO_WriteP12GPIO_TypeDefhh) for GPIO_Write(GPIO_TypeDef*, unsigned char, unsigned char)
    common.o(i._Z10actuationsv) refers to timer.o(i._Z6waitmst) for waitms(unsigned short)
    common.o(i._Z10actuationsv) refers to lcd.o(i._Z11LCD_commandh) for LCD_command(unsigned char)
    common.o(i._Z10actuationsv) refers to common.o(i._Z14Ps2_val_updatev) for Ps2_val_update()
    common.o(i._Z10actuationsv) refers to common.o(.data) for ps_cross
    common.o(i._Z10dead_reconddii) refers to dflt_clz.o(x$fpl$dflt) for __aeabi_i2d
    common.o(i._Z10dead_reconddii) refers to daddsub_clz.o(x$fpl$drsb) for __aeabi_drsub
    common.o(i._Z10dead_reconddii) refers to daddsub_clz.o(x$fpl$dadd) for __aeabi_dadd
    common.o(i._Z10dead_reconddii) refers to ddiv.o(x$fpl$ddiv) for __aeabi_ddiv
    common.o(i._Z10dead_reconddii) refers to daddsub_clz.o(x$fpl$dsub) for __aeabi_dsub
    common.o(i._Z10dead_reconddii) refers to atan2.o(i.__hardfp_atan2) for __hardfp_atan2
    common.o(i._Z10dead_reconddii) refers to d2f.o(x$fpl$d2f) for __aeabi_d2f
    common.o(i._Z10dead_reconddii) refers to deqf.o(x$fpl$deqf) for __aeabi_cdcmpeq
    common.o(i._Z10dead_reconddii) refers to drleqf.o(x$fpl$drleqf) for __aeabi_cdrcmple
    common.o(i._Z10dead_reconddii) refers to dleqf.o(x$fpl$dleqf) for __aeabi_cdcmple
    common.o(i._Z10dead_reconddii) refers to dmul.o(x$fpl$dmul) for __aeabi_dmul
    common.o(i._Z10dead_reconddii) refers to common.o(i._ZSt3absd) for std::abs(double)
    common.o(i._Z10dead_reconddii) refers to common.o(i._Z27control_pid_omni_with_speeddd) for control_pid_omni_with_speed(double, double)
    common.o(i._Z10dead_reconddii) refers to dfix.o(x$fpl$dfix) for __aeabi_d2iz
    common.o(i._Z10dead_reconddii) refers to common.o(.data) for navin
    common.o(i._Z10line_sensev) refers to gpio.o(i._Z10GPIO_WriteP12GPIO_TypeDefhh) for GPIO_Write(GPIO_TypeDef*, unsigned char, unsigned char)
    common.o(i._Z10line_sensev) refers to timer.o(i._Z6waitust) for waitus(unsigned short)
    common.o(i._Z10line_sensev) refers to gpio.o(i._Z9GPIO_ReadP12GPIO_TypeDefh) for GPIO_Read(GPIO_TypeDef*, unsigned char)
    common.o(i._Z10line_sensev) refers to daddsub_clz.o(x$fpl$dsub) for __aeabi_dsub
    common.o(i._Z10line_sensev) refers to daddsub_clz.o(x$fpl$dadd) for __aeabi_dadd
    common.o(i._Z10line_sensev) refers to common.o(.bss) for h_plus_sensor
    common.o(i._Z10line_sensev) refers to common.o(.data) for net_error_v_plus
    common.o(i._Z10try_ball_1v) refers to common.o(i._Z16control_pid_omnidd) for control_pid_omni(double, double)
    common.o(i._Z10try_ball_1v) refers to dmul.o(x$fpl$dmul) for __aeabi_dmul
    common.o(i._Z10try_ball_1v) refers to daddsub_clz.o(x$fpl$dadd) for __aeabi_dadd
    common.o(i._Z10try_ball_1v) refers to dfix.o(x$fpl$dfix) for __aeabi_d2iz
    common.o(i._Z10try_ball_1v) refers to dflt_clz.o(x$fpl$dflt) for __aeabi_i2d
    common.o(i._Z10try_ball_1v) refers to basic.o(x$fpl$basic) for __aeabi_dneg
    common.o(i._Z10try_ball_1v) refers to common.o(i._Z10dead_reconddii) for dead_recon(double, double, int, int)
    common.o(i._Z10try_ball_1v) refers to daddsub_clz.o(x$fpl$drsb) for __aeabi_drsub
    common.o(i._Z10try_ball_1v) refers to common.o(i._Z14Ps2_val_updatev) for Ps2_val_update()
    common.o(i._Z10try_ball_1v) refers to drleqf.o(x$fpl$drleqf) for __aeabi_cdrcmple
    common.o(i._Z10try_ball_1v) refers to lcd.o(i._Z11LCD_commandh) for LCD_command(unsigned char)
    common.o(i._Z10try_ball_1v) refers to lcd.o(i._Z3lcddt) for lcd(double, unsigned short)
    common.o(i._Z10try_ball_1v) refers to common.o(i._Z27control_pid_omni_with_speeddd) for control_pid_omni_with_speed(double, double)
    common.o(i._Z10try_ball_1v) refers to common.o(.data) for hold_angle
    common.o(i._Z10try_ball_2v) refers to common.o(i._Z16control_pid_omnidd) for control_pid_omni(double, double)
[...]
    libshutdown.o(.ARM.Collect$$libshutdown$$00000000) refers (Special) to libshutdown2.o(.ARM.Collect$$libshutdown$$0000000F) for __rt_lib_shutdown_heap_1
    libshutdown.o(.ARM.Collect$$libshutdown$$00000000) refers (Special) to libshutdown2.o(.ARM.Collect$$libshutdown$$00000010) for __rt_lib_shutdown_return
    libshutdown.o(.ARM.Collect$$libshutdown$$00000000) refers (Special) to libshutdown2.o(.ARM.Collect$$libshutdown$$0000000A) for __rt_lib_shutdown_signal_1
    libshutdown.o(.ARM.Collect$$libshutdown$$00000000) refers (Special) to libshutdown2.o(.ARM.Collect$$libshutdown$$00000004) for __rt_lib_shutdown_stdio_1
    libshutdown.o(.ARM.Collect$$libshutdown$$00000000) refers (Special) to libshutdown2.o(.ARM.Collect$$libshutdown$$0000000C) for __rt_lib_shutdown_user_alloc_1
    sys_command.o(.text) refers (Special) to use_no_semi.o(.text) for __I$use$semihosting
    sys_command.o(.text) refers (Special) to indicate_semi.o(.text) for __semihosting_library_function
    defsig_rtmem_outer.o(.text) refers to defsig_rtmem_inner.o(.text) for __rt_SIGRTMEM_inner
    defsig_rtmem_outer.o(.text) refers to defsig_exit.o(.text) for __sig_exit
    defsig_rtmem_formal.o(.text) refers to rt_raise.o(.text) for __rt_raise
    rt_raise.o(.text) refers to __raise.o(.text) for __raise
    rt_raise.o(.text) refers to sys_exit.o(.text) for _sys_exit
    defsig_exit.o(.text) refers to sys_exit.o(.text) for _sys_exit
    defsig_rtmem_inner.o(.text) refers to defsig_general.o(.text) for __default_signal_display
    __raise.o(.text) refers to defsig.o(CL$$defsig) for __default_signal_handler
    defsig_general.o(.text) refers to sys_wrch.o(.text) for _ttywrch
    sys_wrch.o(.text) refers (Special) to use_no_semi.o(.text) for __I$use$semihosting
    sys_wrch.o(.text) refers (Special) to indicate_semi.o(.text) for __semihosting_library_function
    defsig.o(CL$$defsig) refers to defsig_rtmem_inner.o(.text) for __rt_SIGRTMEM_inner
    defsig_abrt_inner.o(.text) refers to defsig_general.o(.text) for __default_signal_display
    defsig_fpe_inner.o(.text) refers to defsig_general.o(.text) for __default_signal_display
    defsig_rtred_inner.o(.text) refers to defsig_general.o(.text) for __default_signal_display
    defsig_stak_inner.o(.text) refers to defsig_general.o(.text) for __default_signal_display
    defsig_pvfn_inner.o(.text) refers to defsig_general.o(.text) for __default_signal_display
    defsig_cppl_inner.o(.text) refers to defsig_general.o(.text) for __default_signal_display
    defsig_segv_inner.o(.text) refers to defsig_general.o(.text) for __default_signal_display
    defsig_other.o(.text) refers to defsig_general.o(.text) for __default_signal_display
    common.o(i._ZSt3absd) refers to fabs.o(i.__hardfp_fabs) for __hardfp_fabs
    common.o(.ARM.exidx) refers to common.o(i._ZSt3absd) for i._ZSt3absd


==============================================================================

Removing Unused input sections from the image.

    Removing main.o(.rev16_text), (4 bytes).
    Removing main.o(.revsh_text), (4 bytes).
    Removing main.o(.rrx_text), (6 bytes).
    Removing main.o(.ARM.exidx), (8 bytes).
    Removing common.o(.rev16_text), (4 bytes).
    Removing common.o(.revsh_text), (4 bytes).
    Removing common.o(.rrx_text), (6 bytes).
    Removing common.o(i._Z10actuationsv), (260 bytes).
    Removing common.o(i._Z10dead_reconddii), (1144 bytes).
    Removing common.o(i._Z10line_sensev), (988 bytes).
    Removing common.o(i._Z10try_ball_1v), (776 bytes).
    Removing common.o(i._Z10try_ball_2v), (768 bytes).
    Removing common.o(i._Z11encoder_velv), (276 bytes).
    Removing common.o(i._Z11relay_boardv), (116 bytes).
    Removing common.o(i._Z11servo_confiv), (180 bytes).
    Removing common.o(i._Z12laser_configv), (40 bytes).
    Removing common.o(i._Z14ENCODER_GPIO_Sv), (56 bytes).
    Removing common.o(i._Z14ENCODER_GPIO_Xv), (80 bytes).
    Removing common.o(i._Z14ENCODER_GPIO_Yv), (56 bytes).
    Removing common.o(i._Z14IMU_TIMER_CONFv), (56 bytes).
    Removing common.o(i._Z14Ps2_val_updatev), (1388 bytes).
    Removing common.o(i._Z14receive_ball_1v), (548 bytes).
    Removing common.o(i._Z14receive_ball_2v), (744 bytes).
    Removing common.o(i._Z14receive_ball_3v), (740 bytes).
    Removing common.o(i._Z15ps2_uart_configv), (48 bytes).
    Removing common.o(i._Z16control_pid_omnidd), (1852 bytes).
    Removing common.o(i._Z16plus_line_detectv), (2080 bytes).
    Removing common.o(i._Z18control_syncro_pidsth), (2924 bytes).
    Removing common.o(i._Z19control_pid_3W_omnidd), (1724 bytes).
    Removing common.o(i._Z21General_purpose_timerv), (68 bytes).
    Removing common.o(i._Z23plus_line_sensor_configv), (140 bytes).
    Removing common.o(i._Z27control_pid_omni_with_speeddd), (2284 bytes).
    Removing common.o(i._Z3IMUv), (92 bytes).
    Removing common.o(i._Z3posv), (512 bytes).
    Removing common.o(i._Z4COM2v), (48 bytes).
    Removing common.o(i._Z4COM3v), (48 bytes).
    Removing common.o(i._Z4COM4v), (48 bytes).
    Removing common.o(i._Z5SPEEDv), (452 bytes).
    Removing common.o(i._Z5timerv), (16 bytes).
    Removing common.o(i._Z7ENCODERv), (116 bytes).
    Removing common.o(i._Z8Spi_GPIOv), (144 bytes).
    Removing common.o(i._Z8get_ratev), (444 bytes).
    Removing common.o(i._Z9COM2_GPIOv), (88 bytes).
    Removing common.o(i._Z9COM3_GPIOv), (88 bytes).
    Removing common.o(i._Z9COM4_GPIOv), (88 bytes).
    Removing common.o(i._Z9Ps4_drives), (912 bytes).
    Removing common.o(i._Z9motor_pidss), (744 bytes).
    Removing common.o(i._Z9ps4_drivedss), (740 bytes).
    Removing common.o(i._Z9uart_GPIOv), (88 bytes).
    Removing common.o(.ARM.exidx), (8 bytes).
    Removing common.o(.ARM.exidx), (8 bytes).
    Removing common.o(.ARM.exidx), (8 bytes).
    Removing common.o(.ARM.exidx), (8 bytes).
    Removing common.o(.ARM.exidx), (8 bytes).
    Removing common.o(.ARM.exidx), (8 bytes).
    Removing common.o(.ARM.exidx), (8 bytes).
    Removing common.o(.ARM.exidx), (8 bytes).
    Removing common.o(.ARM.exidx), (8 bytes).
    Removing common.o(.ARM.exidx), (8 bytes).
    Removing common.o(.ARM.exidx), (8 bytes).
    Removing common.o(.ARM.exidx), (8 bytes).
    Removing common.o(.ARM.exidx), (8 bytes).
    Removing common.o(.ARM.exidx), (8 bytes).
    Removing common.o(.ARM.exidx), (8 bytes).
    Removing common.o(.ARM.exidx), (8 bytes).
    Removing common.o(.ARM.exidx), (8 bytes).
    Removing common.o(.ARM.exidx), (8 bytes).
    Removing common.o(.ARM.exidx), (8 bytes).
    Removing common.o(.ARM.exidx), (8 bytes).
    Removing common.o(.ARM.exidx), (8 bytes).
    Removing common.o(.ARM.exidx), (8 bytes).
    Removing common.o(.ARM.exidx), (8 bytes).
    Removing common.o(.ARM.exidx), (8 bytes).
    Removing common.o(.ARM.exidx), (8 bytes).
    Removing common.o(.ARM.exidx), (8 bytes).
    Removing common.o(.ARM.exidx), (8 bytes).
    Removing common.o(.ARM.exidx), (8 bytes).
    Removing common.o(.ARM.exidx), (8 bytes).
    Removing common.o(.ARM.exidx), (8 bytes).
    Removing common.o(.ARM.exidx), (8 bytes).
    Removing common.o(.ARM.exidx), (8 bytes).
    Removing common.o(.ARM.exidx), (8 bytes).
    Removing common.o(.ARM.exidx), (8 bytes).
    Removing common.o(.ARM.exidx), (8 bytes).
    Removing common.o(.ARM.exidx), (8 bytes).
    Removing common.o(.ARM.exidx), (8 bytes).
    Removing common.o(.ARM.exidx), (8 bytes).
    Removing common.o(.ARM.exidx), (8 bytes).
    Removing common.o(.ARM.exidx), (8 bytes).
    Removing common.o(.ARM.exidx), (8 bytes).
    Removing common.o(.ARM.exidx), (8 bytes).
    Removing common.o(.ARM.exidx), (8 bytes).
    Removing common.o(.ARM.exidx), (8 bytes).
    Removing common.o(.ARM.exidx), (8 bytes).
    Removing common.o(.ARM.exidx), (8 bytes).
    Removing common.o(.ARM.exidx), (8 bytes).
    Removing common.o(.bss), (992 bytes).
    Removing gpio.o(.rev16_text), (4 bytes).
    Removing gpio.o(.revsh_text), (4 bytes).
    Removing gpio.o(.rrx_text), (6 bytes).
    Removing gpio.o(i._Z11GPIO_DeInitP12GPIO_TypeDef), (296 bytes).
    Removing gpio.o(i._Z11GPIO_ToggleP12GPIO_TypeDefh), (12 bytes).
    Removing gpio.o(i._Z14GPIO_IRQconfighh), (196 bytes).
    Removing gpio.o(i._Z16GPIO_IRQHandlingh), (32 bytes).
    Removing gpio.o(i._Z16GPIO_IRQPriorityjh), (64 bytes).
    Removing gpio.o(i._Z9GPIO_ReadP12GPIO_TypeDefh), (22 bytes).
    Removing gpio.o(.ARM.exidx), (8 bytes).
    Removing gpio.o(.ARM.exidx), (8 bytes).
    Removing gpio.o(.ARM.exidx), (8 bytes).
    Removing gpio.o(.ARM.exidx), (8 bytes).
    Removing gpio.o(.ARM.exidx), (8 bytes).
    Removing gpio.o(.ARM.exidx), (8 bytes).
    Removing gpio.o(.ARM.exidx), (8 bytes).
    Removing gpio.o(.ARM.exidx), (8 bytes).
    Removing gpio.o(.ARM.exidx), (8 bytes).
    Removing i2c.o(.rev16_text), (4 bytes).
    Removing i2c.o(.revsh_text), (4 bytes).
    Removing i2c.o(.rrx_text), (6 bytes).
    Removing i2c.o(i._Z10I2C_EV_IRQP12I2C_Handle_t), (2 bytes).
    Removing i2c.o(i._Z17I2C_SlaveSenddataP11I2C_TypeDefh), (4 bytes).
    Removing i2c.o(i._Z18I2C_MasterSenddataP11I2C_TypeDefPhhh), (82 bytes).
    Removing i2c.o(i._Z20I2C_SlaveReceivedataP11I2C_TypeDef), (8 bytes).
    Removing i2c.o(i._Z21I2C_MasterReceivedataP11I2C_TypeDefPhhhh), (160 bytes).
    Removing i2c.o(i._Z21I2C_Periclock_controlP11I2C_TypeDefh), (80 bytes).
    Removing i2c.o(i._Z4Pclkv), (128 bytes).
    Removing i2c.o(i._Z8I2C_InitP12I2C_Handle_t), (228 bytes).
    Removing i2c.o(.ARM.exidx), (8 bytes).
    Removing i2c.o(.ARM.exidx), (8 bytes).
    Removing i2c.o(.ARM.exidx), (8 bytes).
    Removing i2c.o(.ARM.exidx), (8 bytes).
    Removing i2c.o(.ARM.exidx), (8 bytes).
    Removing i2c.o(.ARM.exidx), (8 bytes).
    Removing i2c.o(.ARM.exidx), (8 bytes).
    Removing i2c.o(.ARM.exidx), (8 bytes).
    Removing i2c.o(.constdata), (20 bytes).
    Removing lcd.o(.rev16_text), (4 bytes).
    Removing lcd.o(.revsh_text), (4 bytes).
    Removing lcd.o(.rrx_text), (6 bytes).
    Removing lcd.o(i._Z3lcddt), (276 bytes).
    Removing lcd.o(i._Z3lcdft), (180 bytes).
    Removing lcd.o(i._Z3lcdi), (128 bytes).
    Removing lcd.o(i._Z3lcdj), (94 bytes).
    Removing lcd.o(.ARM.exidx), (8 bytes).
    Removing lcd.o(.ARM.exidx), (8 bytes).
    Removing lcd.o(.ARM.exidx), (8 bytes).
    Removing lcd.o(.ARM.exidx), (8 bytes).
    Removing lcd.o(.ARM.exidx), (8 bytes).
    Removing lcd.o(.ARM.exidx), (8 bytes).
    Removing lcd.o(.ARM.exidx), (8 bytes).
    Removing lcd.o(.ARM.exidx), (8 bytes).
    Removing lcd.o(.ARM.exidx), (8 bytes).
    Removing lcd.o(.ARM.exidx), (8 bytes).
    Removing rcc.o(.rev16_text), (4 bytes).
    Removing rcc.o(.revsh_text), (4 bytes).
    Removing rcc.o(.rrx_text), (6 bytes).
    Removing rcc.o(i._Z8RCC_testv), (24 bytes).
    Removing rcc.o(.ARM.exidx), (8 bytes).
    Removing rcc.o(.ARM.exidx), (8 bytes).
    Removing spi.o(.rev16_text), (4 bytes).
    Removing spi.o(.revsh_text), (4 bytes).
    Removing spi.o(.rrx_text), (6 bytes).
    Removing spi.o(i._Z13SPI_IRQconfigP11SPI_TypeDefhhh), (204 bytes).
    Removing spi.o(i._Z15SPI_CommunicateP11SPI_TypeDefc), (28 bytes).
    Removing spi.o(i._Z15SPI_IRQHandlingP12SPI_Handle_t), (2 bytes).
    Removing spi.o(i._Z16SPI_ClockControlP11SPI_TypeDefh), (112 bytes).
    Removing spi.o(i._Z8SPI_InitP12SPI_Handle_t), (128 bytes).
    Removing spi.o(.ARM.exidx), (8 bytes).
    Removing spi.o(.ARM.exidx), (8 bytes).
    Removing spi.o(.ARM.exidx), (8 bytes).
    Removing spi.o(.ARM.exidx), (8 bytes).
    Removing spi.o(.ARM.exidx), (8 bytes).
    Removing timer.o(.rev16_text), (4 bytes).
    Removing timer.o(.revsh_text), (4 bytes).
    Removing timer.o(.rrx_text), (6 bytes).
    Removing timer.o(i._Z10Timer_InitP14Timer_Handle_t), (108 bytes).
    Removing timer.o(i._Z15Timer_IRQconfighh), (196 bytes).
    Removing timer.o(.ARM.exidx), (8 bytes).
    Removing timer.o(.ARM.exidx), (8 bytes).
    Removing timer.o(.ARM.exidx), (8 bytes).
    Removing timer.o(.ARM.exidx), (8 bytes).
    Removing timer.o(.ARM.exidx), (8 bytes).
    Removing timer.o(.ARM.exidx), (8 bytes).
    Removing usart.o(.rev16_text), (4 bytes).
    Removing usart.o(.revsh_text), (4 bytes).
    Removing usart.o(.rrx_text), (6 bytes).
    Removing usart.o(i._Z17USART_ReceiveDataP13USART_TypeDef), (108 bytes).
    Removing usart.o(.ARM.exidx), (8 bytes).
    Removing usart.o(.ARM.exidx), (8 bytes).
    Removing usart.o(.ARM.exidx), (8 bytes).
    Removing usart.o(.ARM.exidx), (8 bytes).
    Removing usart.o(.ARM.exidx), (8 bytes).
    Removing usart.o(.ARM.exidx), (8 bytes).
    Removing usart.o(.data), (8 bytes).
    Removing system_stm32f4xx.o(.rev16_text), (4 bytes).
    Removing system_stm32f4xx.o(.revsh_text), (4 bytes).
    Removing system_stm32f4xx.o(.rrx_text), (6 bytes).
    Removing system_stm32f4xx.o(i.SystemCoreClockUpdate), (192 bytes).
    Removing system_stm32f4xx.o(.constdata), (24 bytes).
    Removing system_stm32f4xx.o(.data), (4 bytes).
    Removing common.o(i._ZSt3absd), (32 bytes).
    Removing common.o(.ARM.exidx), (8 bytes).

201 unused section(s) (total 29078 bytes) removed from the image.

==============================================================================

Image Symbol Table

    Local Symbols

    Symbol Name                              Value     Ov Type        Size  Object(Section)

    ../clib/angel/boardlib.s                 0x00000000   Number         0  boardinit1.o ABSOLUTE
    ../clib/angel/boardlib.s                 0x00000000   Number         0  boardinit3.o ABSOLUTE
    ../clib/angel/boardlib.s                 0x00000000   Number         0  boardinit2.o ABSOLUTE
    ../clib/angel/boardlib.s                 0x00000000   Number         0  boardshut.o ABSOLUTE
    ../clib/angel/dczerorl.s                 0x00000000   Number         0  __dczerorl.o ABSOLUTE
    ../clib/angel/handlers.s                 0x00000000   Number         0  __scatter_zi.o ABSOLUTE
    ../clib/angel/kernel.s                   0x00000000   Number         0  __rtentry2.o ABSOLUTE
    ../clib/angel/kernel.s                   0x00000000   Number         0  __rtentry4.o ABSOLUTE
    ../clib/angel/kernel.s                   0x00000000   Number         0  rtexit.o ABSOLUTE
    ../clib/angel/kernel.s                   0x00000000   Number         0  __rtentry.o ABSOLUTE
    ../clib/angel/kernel.s                   0x00000000   Number         0  rtexit2.o ABSOLUTE
    ../clib/angel/rt.s                       0x00000000   Number         0  rt_errno_addr.o ABSOLUTE
    ../clib/angel/rt.s                       0x00000000   Number         0  rt_errno_addr_intlibspace.o ABSOLUTE
    ../clib/angel/rt.s                       0x00000000   Number         0  rt_raise.o ABSOLUTE
    ../clib/angel/scatter.s                  0x00000000   Number         0  __scatter.o ABSOLUTE
    ../clib/angel/startup.s                  0x00000000   Number         0  __main.o ABSOLUTE
    ../clib/angel/sys.s                      0x00000000   Number         0  indicate_semi.o ABSOLUTE
    ../clib/angel/sys.s                      0x00000000   Number         0  use_no_semi.o ABSOLUTE
    ../clib/angel/sys.s                      0x00000000   Number         0  sys_stackheap_outer.o ABSOLUTE
    ../clib/angel/sys.s                      0x00000000   Number         0  libspace.o ABSOLUTE
    ../clib/angel/sysapp.c                   0x00000000   Number         0  sys_command.o ABSOLUTE
    ../clib/angel/sysapp.c                   0x00000000   Number         0  sys_exit.o ABSOLUTE
    ../clib/angel/sysapp.c                   0x00000000   Number         0  sys_wrch.o ABSOLUTE
    ../clib/armsys.c                         0x00000000   Number         0  _get_argv_nomalloc.o ABSOLUTE
    ../clib/armsys.c                         0x00000000   Number         0  argv_veneer.o ABSOLUTE
    ../clib/armsys.c                         0x00000000   Number         0  argv_veneer.o ABSOLUTE
    ../clib/armsys.c                         0x00000000   Number         0  no_argv.o ABSOLUTE
    ../clib/fenv.c                           0x00000000   Number         0  _rserrno.o ABSOLUTE
    ../clib/heapalloc.c                      0x00000000   Number         0  hrguard.o ABSOLUTE
    ../clib/heapaux.c                        0x00000000   Number         0  heapauxi.o ABSOLUTE
    ../clib/libinit.s                        0x00000000   Number         0  libshutdown2.o ABSOLUTE
    ../clib/libinit.s                        0x00000000   Number         0  libinit2.o ABSOLUTE
    ../clib/libinit.s                        0x00000000   Number         0  libshutdown.o ABSOLUTE
    ../clib/libinit.s                        0x00000000   Number         0  libinit.o ABSOLUTE
    ../clib/memcpset.s                       0x00000000   Number         0  rt_memcpy_w.o ABSOLUTE
    ../clib/signal.c                         0x00000000   Number         0  defsig_cppl_inner.o ABSOLUTE
    ../clib/signal.c                         0x00000000   Number         0  defsig_pvfn_inner.o ABSOLUTE
    ../clib/signal.c                         0x00000000   Number         0  defsig_stak_inner.o ABSOLUTE
    ../clib/signal.c                         0x00000000   Number         0  defsig_rtred_inner.o ABSOLUTE
    ../clib/signal.c                         0x00000000   Number         0  defsig_abrt_inner.o ABSOLUTE
    ../clib/signal.c                         0x00000000   Number         0  defsig_rtmem_inner.o ABSOLUTE
    ../clib/signal.c                         0x00000000   Number         0  defsig_general.o ABSOLUTE
    ../clib/signal.c                         0x00000000   Number         0  __raise.o ABSOLUTE
    ../clib/signal.c                         0x00000000   Number         0  defsig_fpe_inner.o ABSOLUTE
    ../clib/signal.c                         0x00000000   Number         0  defsig_exit.o ABSOLUTE
    ../clib/signal.c                         0x00000000   Number         0  defsig_rtmem_formal.o ABSOLUTE
    ../clib/signal.c                         0x00000000   Number         0  defsig_rtmem_outer.o ABSOLUTE
    ../clib/signal.c                         0x00000000   Number         0  defsig_segv_inner.o ABSOLUTE
    ../clib/signal.c                         0x00000000   Number         0  defsig_other.o ABSOLUTE
    ../clib/signal.s                         0x00000000   Number         0  defsig.o ABSOLUTE
    ../clib/stdlib.c                         0x00000000   Number         0  exit.o ABSOLUTE
    ../fplib/basic.s                         0x00000000   Number         0  basic.o ABSOLUTE
    ../fplib/d2f.s                           0x00000000   Number         0  d2f.o ABSOLUTE
    ../fplib/daddsub.s                       0x00000000   Number         0  daddsub_clz.o ABSOLUTE
    ../fplib/dcheck1.s                       0x00000000   Number         0  dcheck1.o ABSOLUTE
    ../fplib/dcmpi.s                         0x00000000   Number         0  dcmpi.o ABSOLUTE
    ../fplib/ddiv.s                          0x00000000   Number         0  ddiv.o ABSOLUTE
    ../fplib/deqf.s                          0x00000000   Number         0  deqf.o ABSOLUTE
    ../fplib/dfix.s                          0x00000000   Number         0  dfix.o ABSOLUTE
    ../fplib/dfixu.s                         0x00000000   Number         0  dfixu.o ABSOLUTE
    ../fplib/dflt.s                          0x00000000   Number         0  dflt_clz.o ABSOLUTE
    ../fplib/dleqf.s                         0x00000000   Number         0  dleqf.o ABSOLUTE
    ../fplib/dmul.s                          0x00000000   Number         0  dmul.o ABSOLUTE
    ../fplib/dnaninf.s                       0x00000000   Number         0  dnaninf.o ABSOLUTE
    ../fplib/dretinf.s                       0x00000000   Number         0  dretinf.o ABSOLUTE
    ../fplib/drleqf.s                        0x00000000   Number         0  drleqf.o ABSOLUTE
    ../fplib/dsqrt.s                         0x00000000   Number         0  dsqrt_umaal.o ABSOLUTE
    ../fplib/f2d.s                           0x00000000   Number         0  f2d.o ABSOLUTE
    ../fplib/fnaninf.s                       0x00000000   Number         0  fnaninf.o ABSOLUTE
    ../fplib/fpinit.s                        0x00000000   Number         0  fpinit.o ABSOLUTE
    ../fplib/fretinf.s                       0x00000000   Number         0  fretinf.o ABSOLUTE
    ../fplib/istatus.s                       0x00000000   Number         0  istatus.o ABSOLUTE
    ../fplib/retnan.s                        0x00000000   Number         0  retnan.o ABSOLUTE
    ../fplib/scalbn.s                        0x00000000   Number         0  scalbn.o ABSOLUTE
    ../fplib/trapv.s                         0x00000000   Number         0  trapv.o ABSOLUTE
    ../fplib/usenofp.s                       0x00000000   Number         0  usenofp.o ABSOLUTE
    ../mathlib/atan.c                        0x00000000   Number         0  atan.o ABSOLUTE
    ../mathlib/atan.c                        0x00000000   Number         0  atan_x.o ABSOLUTE
    ../mathlib/atan2.c                       0x00000000   Number         0  atan2_x.o ABSOLUTE
    ../mathlib/atan2.c                       0x00000000   Number         0  atan2.o ABSOLUTE
    ../mathlib/cos.c                         0x00000000   Number         0  cos.o ABSOLUTE
    ../mathlib/cos.c                         0x00000000   Number         0  cos_x.o ABSOLUTE
    ../mathlib/cos_i.c                       0x00000000   Number         0  cos_i.o ABSOLUTE
    ../mathlib/dunder.c                      0x00000000   Number         0  dunder.o ABSOLUTE
    ../mathlib/fabs.c                        0x00000000   Number         0  fabs.o ABSOLUTE
    ../mathlib/fpclassify.c                  0x00000000   Number         0  fpclassify.o ABSOLUTE
    ../mathlib/fpclassifyf.c                 0x00000000   Number         0  fpclassifyf.o ABSOLUTE
    ../mathlib/funder.c                      0x00000000   Number         0  funder.o ABSOLUTE
    ../mathlib/hypot.c                       0x00000000   Number         0  hypot.o ABSOLUTE
    ../mathlib/hypot.c                       0x00000000   Number         0  hypot_x.o ABSOLUTE
    ../mathlib/poly.c                        0x00000000   Number         0  poly.o ABSOLUTE
    ../mathlib/pow.c                         0x00000000   Number         0  pow.o ABSOLUTE
    ../mathlib/pow.c                         0x00000000   Number         0  pow_x.o ABSOLUTE
    ../mathlib/powf.c                        0x00000000   Number         0  powf_x.o ABSOLUTE
    ../mathlib/powf.c                        0x00000000   Number         0  powf.o ABSOLUTE
    ../mathlib/qnan.c                        0x00000000   Number         0  qnan.o ABSOLUTE
    ../mathlib/rred.c                        0x00000000   Number         0  rred.o ABSOLUTE
    ../mathlib/sin.c                         0x00000000   Number         0  sin_x.o ABSOLUTE
    ../mathlib/sin.c                         0x00000000   Number         0  sin.o ABSOLUTE
    ../mathlib/sin_i.c                       0x00000000   Number         0  sin_i_x.o ABSOLUTE
    ../mathlib/sin_i.c                       0x00000000   Number         0  sin_i.o ABSOLUTE
    ../mathlib/sqrt.c                        0x00000000   Number         0  sqrt.o ABSOLUTE
    ../mathlib/sqrt.c                        0x00000000   Number         0  sqrt_x.o ABSOLUTE
    ../mathlib/wrappers.c                    0x00000000   Number         0  fabsl.o ABSOLUTE
    RTE\Device\STM32F407VGTx\startup_stm32f407xx.s 0x00000000   Number         0  startup_stm32f407xx.o ABSOLUTE
    RTE\Device\STM32F407VGTx\system_stm32f4xx.c 0x00000000   Number         0  system_stm32f4xx.o ABSOLUTE
    RTE\\Device\\STM32F407VGTx\\system_stm32f4xx.c 0x00000000   Number         0  system_stm32f4xx.o ABSOLUTE
    dc.s                                     0x00000000   Number         0  dc.o ABSOLUTE
    main.cpp                                 0x00000000   Number         0  main.o ABSOLUTE
    main.cpp                                 0x00000000   Number         0  main.o ABSOLUTE
    stm32f4\GPIO.cpp                         0x00000000   Number         0  gpio.o ABSOLUTE
    stm32f4\I2C.cpp                          0x00000000   Number         0  i2c.o ABSOLUTE
    stm32f4\LCD.cpp                          0x00000000   Number         0  lcd.o ABSOLUTE
    stm32f4\RCC.cpp                          0x00000000   Number         0  rcc.o ABSOLUTE
    stm32f4\SPI.cpp                          0x00000000   Number         0  spi.o ABSOLUTE
    stm32f4\TIMER.cpp                        0x00000000   Number         0  timer.o ABSOLUTE
    stm32f4\USART.cpp                        0x00000000   Number         0  usart.o ABSOLUTE
    stm32f4\\GPIO.cpp                        0x00000000   Number         0  gpio.o ABSOLUTE
    stm32f4\\I2C.cpp                         0x00000000   Number         0  i2c.o ABSOLUTE
    stm32f4\\LCD.cpp                         0x00000000   Number         0  lcd.o ABSOLUTE
    stm32f4\\RCC.cpp                         0x00000000   Number         0  rcc.o ABSOLUTE
    stm32f4\\SPI.cpp                         0x00000000   Number         0  spi.o ABSOLUTE
    stm32f4\\TIMER.cpp                       0x00000000   Number         0  timer.o ABSOLUTE
    stm32f4\\USART.cpp                       0x00000000   Number         0  usart.o ABSOLUTE
    stm32f4\\common.cpp                      0x00000000   Number         0  common.o ABSOLUTE
    stm32f4\common.cpp                       0x00000000   Number         0  common.o ABSOLUTE
    RESET                                    0x08000000   Section      392  startup_stm32f407xx.o(RESET)
    !!!main                                  0x08000188   Section        8  __main.o(!!!main)
    !!!scatter                               0x08000190   Section       52  __scatter.o(!!!scatter)
    !!dczerorl                               0x080001c4   Section       58  __dczerorl.o(!!dczerorl)
    !!handler_zi                             0x08000200   Section       28  __scatter_zi.o(!!handler_zi)
    .ARM.Collect$$libinit$$00000000          0x0800021c   Section        2  libinit.o(.ARM.Collect$$libinit$$00000000)
    .ARM.Collect$$libinit$$00000001          0x0800021e   Section        4  libinit2.o(.ARM.Collect$$libinit$$00000001)
    .ARM.Collect$$libinit$$00000004          0x08000222   Section        0  libinit2.o(.ARM.Collect$$libinit$$00000004)
    .ARM.Collect$$libinit$$0000000A          0x08000222   Section        0  libinit2.o(.ARM.Collect$$libinit$$0000000A)
    .ARM.Collect$$libinit$$0000000C          0x08000222   Section        0  libinit2.o(.ARM.Collect$$libinit$$0000000C)
    .ARM.Collect$$libinit$$0000000E          0x08000222   Section        0  libinit2.o(.ARM.Collect$$libinit$$0000000E)
    .ARM.Collect$$libinit$$00000011          0x08000222   Section        0  libinit2.o(.ARM.Collect$$libinit$$00000011)
    .ARM.Collect$$libinit$$00000013          0x08000222   Section        0  libinit2.o(.ARM.Collect$$libinit$$00000013)
    .ARM.Collect$$libinit$$00000015          0x08000222   Section        0  libinit2.o(.ARM.Collect$$libinit$$00000015)
    .ARM.Collect$$libinit$$00000017          0x08000222   Section        0  libinit2.o(.ARM.Collect$$libinit$$00000017)
    .ARM.Collect$$libinit$$00000019          0x08000222   Section        0  libinit2.o(.ARM.Collect$$libinit$$00000019)
    .ARM.Collect$$libinit$$0000001B          0x08000222   Section        0  libinit2.o(.ARM.Collect$$libinit$$0000001B)
    .ARM.Collect$$libinit$$0000001D          0x08000222   Section        0  libinit2.o(.ARM.Collect$$libinit$$0000001D)
    .ARM.Collect$$libinit$$0000001F          0x08000222   Section        0  libinit2.o(.ARM.Collect$$libinit$$0000001F)
    .ARM.Collect$$libinit$$00000021          0x08000222   Section        0  libinit2.o(.ARM.Collect$$libinit$$00000021)
    .ARM.Collect$$libinit$$00000023          0x08000222   Section        0  libinit2.o(.ARM.Collect$$libinit$$00000023)
    .ARM.Collect$$libinit$$00000025          0x08000222   Section        0  libinit2.o(.ARM.Collect$$libinit$$00000025)
    .ARM.Collect$$libinit$$0000002C          0x08000222   Section        0  libinit2.o(.ARM.Collect$$libinit$$0000002C)
    .ARM.Collect$$libinit$$0000002E          0x08000222   Section        0  libinit2.o(.ARM.Collect$$libinit$$0000002E)
    .ARM.Collect$$libinit$$00000030          0x08000222   Section        0  libinit2.o(.ARM.Collect$$libinit$$00000030)
    .ARM.Collect$$libinit$$00000032          0x08000222   Section        0  libinit2.o(.ARM.Collect$$libinit$$00000032)
    .ARM.Collect$$libinit$$00000033          0x08000222   Section        2  libinit2.o(.ARM.Collect$$libinit$$00000033)
    .ARM.Collect$$libshutdown$$00000000      0x08000224   Section        2  libshutdown.o(.ARM.Collect$$libshutdown$$00000000)
    .ARM.Collect$$libshutdown$$00000002      0x08000226   Section        0  libshutdown2.o(.ARM.Collect$$libshutdown$$00000002)
    .ARM.Collect$$libshutdown$$00000004      0x08000226   Section        0  libshutdown2.o(.ARM.Collect$$libshutdown$$00000004)
    .ARM.Collect$$libshutdown$$00000007      0x08000226   Section        0  libshutdown2.o(.ARM.Collect$$libshutdown$$00000007)
    .ARM.Collect$$libshutdown$$0000000A      0x08000226   Section        0  libshutdown2.o(.ARM.Collect$$libshutdown$$0000000A)
    .ARM.Collect$$libshutdown$$0000000C      0x08000226   Section        0  libshutdown2.o(.ARM.Collect$$libshutdown$$0000000C)
    .ARM.Collect$$libshutdown$$0000000F      0x08000226   Section        0  libshutdown2.o(.ARM.Collect$$libshutdown$$0000000F)
    .ARM.Collect$$libshutdown$$00000010      0x08000226   Section        2  libshutdown2.o(.ARM.Collect$$libshutdown$$00000010)
    .ARM.Collect$$rtentry$$00000000          0x08000228   Section        0  __rtentry.o(.ARM.Collect$$rtentry$$00000000)
    .ARM.Collect$$rtentry$$00000002          0x08000228   Section        0  __rtentry2.o(.ARM.Collect$$rtentry$$00000002)
    .ARM.Collect$$rtentry$$00000004          0x08000228   Section        6  __rtentry4.o(.ARM.Collect$$rtentry$$00000004)
    .ARM.Collect$$rtentry$$00000009          0x0800022e   Section        0  __rtentry2.o(.ARM.Collect$$rtentry$$00000009)
    .ARM.Collect$$rtentry$$0000000A          0x0800022e   Section        4  __rtentry2.o(.ARM.Collect$$rtentry$$0000000A)
    .ARM.Collect$$rtentry$$0000000C          0x08000232   Section        0  __rtentry2.o(.ARM.Collect$$rtentry$$0000000C)
    .ARM.Collect$$rtentry$$0000000D          0x08000232   Section        8  __rtentry2.o(.ARM.Collect$$rtentry$$0000000D)
    .ARM.Collect$$rtexit$$00000000           0x0800023a   Section        2  rtexit.o(.ARM.Collect$$rtexit$$00000000)
    .ARM.Collect$$rtexit$$00000002           0x0800023c   Section        0  rtexit2.o(.ARM.Collect$$rtexit$$00000002)
    .ARM.Collect$$rtexit$$00000003           0x0800023c   Section        4  rtexit2.o(.ARM.Collect$$rtexit$$00000003)
    .ARM.Collect$$rtexit$$00000004           0x08000240   Section        6  rtexit2.o(.ARM.Collect$$rtexit$$00000004)
    .text                                    0x08000248   Section       64  startup_stm32f407xx.o(.text)
    $v0                                      0x08000248   Number         0  startup_stm32f407xx.o(.text)
    .text                                    0x08000288   Section        0  heapauxi.o(.text)
    .text                                    0x08000290   Section        8  libspace.o(.text)
    .text                                    0x08000298   Section       74  sys_stackheap_outer.o(.text)
    .text                                    0x080002e2   Section        0  exit.o(.text)
    .text                                    0x080002f4   Section        0  sys_exit.o(.text)
    .text                                    0x08000300   Section        2  use_no_semi.o(.text)
    .text                                    0x08000302   Section        0  indicate_semi.o(.text)
    i.SystemInit                             0x08000304   Section        0  system_stm32f4xx.o(i.SystemInit)
    i.TIM6_DAC_IRQHandler                    0x08000368   Section        0  common.o(i.TIM6_DAC_IRQHandler)
    i.TIM7_IRQHandler                        0x08000388   Section        0  common.o(i.TIM7_IRQHandler)
    i._Z10GPIO_WriteP12GPIO_TypeDefhh        0x080003a8   Section        0  gpio.o(i._Z10GPIO_WriteP12GPIO_TypeDefhh)
    i._Z10LCD_enablev                        0x080003c8   Section        0  lcd.o(i._Z10LCD_enablev)
    LCD_enable()                             0x080003c9   Thumb Code    40  lcd.o(i._Z10LCD_enablev)
    i._Z10USART_InitP14USART_Handle_t        0x080003f4   Section        0  usart.o(i._Z10USART_InitP14USART_Handle_t)
    i._Z11LCD_commandh                       0x080004a4   Section        0  lcd.o(i._Z11LCD_commandh)
    i._Z14TimerPeriClockP11TIM_TypeDefh      0x080005b0   Section        0  timer.o(i._Z14TimerPeriClockP11TIM_TypeDefh)
    i._Z14USART_SendDataP13USART_TypeDefh    0x0800064c   Section        0  usart.o(i._Z14USART_SendDataP13USART_TypeDefh)
    i._Z17USART_SetBaudRateP13USART_TypeDefj 0x08000668   Section        0  usart.o(i._Z17USART_SetBaudRateP13USART_TypeDefj)
    i._Z22GPIO_Periclock_controlP12GPIO_TypeDefh 0x080006d8   Section        0  gpio.o(i._Z22GPIO_Periclock_controlP12GPIO_TypeDefh)
    i._Z22USART_PeriClockControlP13USART_TypeDefh 0x08000824   Section        0  usart.o(i._Z22USART_PeriClockControlP13USART_TypeDefh)
    i._Z23USART_PeripheralControlP13USART_TypeDefh 0x080008c8   Section        0  usart.o(i._Z23USART_PeripheralControlP13USART_TypeDefh)
    i._Z3lcdPc                               0x0800092c   Section        0  lcd.o(i._Z3lcdPc)
    i._Z4COM1v                               0x08000944   Section        0  common.o(i._Z4COM1v)
    i._Z4jtagv                               0x08000974   Section        0  common.o(i._Z4jtagv)
    i._Z6waitmst                             0x080009dc   Section        0  timer.o(i._Z6waitmst)
    i._Z6waitust                             0x080009f8   Section        0  timer.o(i._Z6waitust)
    i._Z8LCD_GPIOv                           0x08000a34   Section        0  lcd.o(i._Z8LCD_GPIOv)
    LCD_GPIO()                               0x08000a35   Thumb Code   108  lcd.o(i._Z8LCD_GPIOv)
    i._Z8LCD_putch                           0x08000aa8   Section        0  lcd.o(i._Z8LCD_putch)
    i._Z8RCC_Initv                           0x08000bb4   Section        0  rcc.o(i._Z8RCC_Initv)
    i._Z9COM1_GPIOv                          0x08000c84   Section        0  common.o(i._Z9COM1_GPIOv)
    i._Z9ConfigLcdv                          0x08000cdc   Section        0  lcd.o(i._Z9ConfigLcdv)
    i._Z9GPIO_InitP13GPIO_Handle_t           0x08000d30   Section        0  gpio.o(i._Z9GPIO_InitP13GPIO_Handle_t)
    i._Z9delay_conv                          0x08000f34   Section        0  timer.o(i._Z9delay_conv)
    i.main                                   0x08000f64   Section        0  main.o(i.main)
    x$fpl$fpinit                             0x08000fbc   Section       10  fpinit.o(x$fpl$fpinit)
    $v0                                      0x08000fbc   Number         0  fpinit.o(x$fpl$fpinit)
    .data                                    0x20000000   Section     1284  common.o(.data)
    net_err                                  0x200004e8   Data           8  common.o(.data)
    drive_angle                              0x200004f0   Data           8  common.o(.data)
    drive_speed                              0x200004f8   Data           8  common.o(.data)
    temp_four3                               0x20000500   Data           4  common.o(.data)
    .bss                                     0x20000504   Section       96  libspace.o(.bss)
    HEAP                                     0x20000568   Section      512  startup_stm32f407xx.o(HEAP)
    Heap_Mem                                 0x20000568   Data         512  startup_stm32f407xx.o(HEAP)
    STACK                                    0x20000768   Section     1024  startup_stm32f407xx.o(STACK)
    Stack_Mem                                0x20000768   Data        1024  startup_stm32f407xx.o(STACK)
    __initial_sp                             0x20000b68   Data           0  startup_stm32f407xx.o(STACK)

    Global Symbols

    Symbol Name                              Value     Ov Type        Size  Object(Section)

    BuildAttributes$$THM_ISAv4$E$P$D$K$B$S$7EM$VFPi3$EXTD16$VFPS$VFMA$PE$A:L22UL41UL21$X:L11$S22US41US21$IEEE1$IW$USESV6$~STKCKD$USESV7$~SHL$OTIME$ROPI$IEEEX$EBA8$UX$STANDARDLIB$REQ8$PRES8$EABIv2 0x00000000   Number         0  anon$$obj.o ABSOLUTE
    __ARM_use_no_argv                        0x00000000   Number         0  main.o ABSOLUTE
    __ARM_exceptions_init                     - Undefined Weak Reference
    __alloca_initialize                       - Undefined Weak Reference
    __arm_preinit_                            - Undefined Weak Reference
    __cpp_initialize__aeabi_                  - Undefined Weak Reference
    __cxa_finalize                            - Undefined Weak Reference
    __rt_locale                               - Undefined Weak Reference
    __sigvec_lookup                           - Undefined Weak Reference
    _atexit_init                              - Undefined Weak Reference
    _call_atexit_fns                          - Undefined Weak Reference
    _clock_init                               - Undefined Weak Reference
    _fp_trap_init                             - Undefined Weak Reference
    _fp_trap_shutdown                         - Undefined Weak Reference
    _get_lc_collate                           - Undefined Weak Reference
    _get_lc_ctype                             - Undefined Weak Reference
    _get_lc_monetary                          - Undefined Weak Reference
    _get_lc_numeric                           - Undefined Weak Reference
    _get_lc_time                              - Undefined Weak Reference
    _getenv_init                              - Undefined Weak Reference
    _handle_redirection                       - Undefined Weak Reference
    _init_alloc                               - Undefined Weak Reference
    _init_user_alloc                          - Undefined Weak Reference
    _initio                                   - Undefined Weak Reference
    _rand_init                                - Undefined Weak Reference
    _signal_finish                            - Undefined Weak Reference
    _signal_init                              - Undefined Weak Reference
    _terminate_alloc                          - Undefined Weak Reference
    _terminate_user_alloc                     - Undefined Weak Reference
    _terminateio                              - Undefined Weak Reference
    __Vectors_Size                           0x00000188   Number         0  startup_stm32f407xx.o ABSOLUTE
    __Vectors                                0x08000000   Data           4  startup_stm32f407xx.o(RESET)
    __Vectors_End                            0x08000188   Data           0  startup_stm32f407xx.o(RESET)
    __main                                   0x08000189   Thumb Code     8  __main.o(!!!main)
    __scatterload                            0x08000191   Thumb Code     0  __scatter.o(!!!scatter)
    __scatterload_rt2                        0x08000191   Thumb Code    44  __scatter.o(!!!scatter)
    __scatterload_rt2_thumb_only             0x08000191   Thumb Code     0  __scatter.o(!!!scatter)
    __scatterload_null                       0x0800019f   Thumb Code     0  __scatter.o(!!!scatter)
    __decompress                             0x080001c5   Thumb Code    58  __dczerorl.o(!!dczerorl)
    __decompress0                            0x080001c5   Thumb Code     0  __dczerorl.o(!!dczerorl)
    __scatterload_zeroinit                   0x08000201   Thumb Code    28  __scatter_zi.o(!!handler_zi)
    __rt_lib_init                            0x0800021d   Thumb Code     0  libinit.o(.ARM.Collect$$libinit$$00000000)
    __rt_lib_init_fp_1                       0x0800021f   Thumb Code     0  libinit2.o(.ARM.Collect$$libinit$$00000001)
    __rt_lib_init_alloca_1                   0x08000223   Thumb Code     0  libinit2.o(.ARM.Collect$$libinit$$0000002E)
    __rt_lib_init_argv_1                     0x08000223   Thumb Code     0  libinit2.o(.ARM.Collect$$libinit$$0000002C)
    __rt_lib_init_atexit_1                   0x08000223   Thumb Code     0  libinit2.o(.ARM.Collect$$libinit$$0000001B)
    __rt_lib_init_clock_1                    0x08000223   Thumb Code     0  libinit2.o(.ARM.Collect$$libinit$$00000021)
    __rt_lib_init_cpp_1                      0x08000223   Thumb Code     0  libinit2.o(.ARM.Collect$$libinit$$00000032)
    __rt_lib_init_exceptions_1               0x08000223   Thumb Code     0  libinit2.o(.ARM.Collect$$libinit$$00000030)
    __rt_lib_init_fp_trap_1                  0x08000223   Thumb Code     0  libinit2.o(.ARM.Collect$$libinit$$0000001F)
    __rt_lib_init_getenv_1                   0x08000223   Thumb Code     0  libinit2.o(.ARM.Collect$$libinit$$00000023)
    __rt_lib_init_heap_1                     0x08000223   Thumb Code     0  libinit2.o(.ARM.Collect$$libinit$$0000000A)
    __rt_lib_init_lc_collate_1               0x08000223   Thumb Code     0  libinit2.o(.ARM.Collect$$libinit$$00000011)
    __rt_lib_init_lc_ctype_1                 0x08000223   Thumb Code     0  libinit2.o(.ARM.Collect$$libinit$$00000013)
    __rt_lib_init_lc_monetary_1              0x08000223   Thumb Code     0  libinit2.o(.ARM.Collect$$libinit$$00000015)
    __rt_lib_init_lc_numeric_1               0x08000223   Thumb Code     0  libinit2.o(.ARM.Collect$$libinit$$00000017)
    __rt_lib_init_lc_time_1                  0x08000223   Thumb Code     0  libinit2.o(.ARM.Collect$$libinit$$00000019)
    __rt_lib_init_preinit_1                  0x08000223   Thumb Code     0  libinit2.o(.ARM.Collect$$libinit$$00000004)
    __rt_lib_init_rand_1                     0x08000223   Thumb Code     0  libinit2.o(.ARM.Collect$$libinit$$0000000E)
    __rt_lib_init_return                     0x08000223   Thumb Code     0  libinit2.o(.ARM.Collect$$libinit$$00000033)
    __rt_lib_init_signal_1                   0x08000223   Thumb Code     0  libinit2.o(.ARM.Collect$$libinit$$0000001D)
    __rt_lib_init_stdio_1                    0x08000223   Thumb Code     0  libinit2.o(.ARM.Collect$$libinit$$00000025)
    __rt_lib_init_user_alloc_1               0x08000223   Thumb Code     0  libinit2.o(.ARM.Collect$$libinit$$0000000C)
    __rt_lib_shutdown                        0x08000225   Thumb Code     0  libshutdown.o(.ARM.Collect$$libshutdown$$00000000)
    __rt_lib_shutdown_cpp_1                  0x08000227   Thumb Code     0  libshutdown2.o(.ARM.Collect$$libshutdown$$00000002)
    __rt_lib_shutdown_fp_trap_1              0x08000227   Thumb Code     0  libshutdown2.o(.ARM.Collect$$libshutdown$$00000007)
    __rt_lib_shutdown_heap_1                 0x08000227   Thumb Code     0  libshutdown2.o(.ARM.Collect$$libshutdown$$0000000F)
    __rt_lib_shutdown_return                 0x08000227   Thumb Code     0  libshutdown2.o(.ARM.Collect$$libshutdown$$00000010)
    __rt_lib_shutdown_signal_1               0x08000227   Thumb Code     0  libshutdown2.o(.ARM.Collect$$libshutdown$$0000000A)
    __rt_lib_shutdown_stdio_1                0x08000227   Thumb Code     0  libshutdown2.o(.ARM.Collect$$libshutdown$$00000004)
    __rt_lib_shutdown_user_alloc_1           0x08000227   Thumb Code     0  libshutdown2.o(.ARM.Collect$$libshutdown$$0000000C)
    __rt_entry                               0x08000229   Thumb Code     0  __rtentry.o(.ARM.Collect$$rtentry$$00000000)
    __rt_entry_presh_1                       0x08000229   Thumb Code     0  __rtentry2.o(.ARM.Collect$$rtentry$$00000002)
    __rt_entry_sh                            0x08000229   Thumb Code     0  __rtentry4.o(.ARM.Collect$$rtentry$$00000004)
    __rt_entry_li                            0x0800022f   Thumb Code     0  __rtentry2.o(.ARM.Collect$$rtentry$$0000000A)
    __rt_entry_postsh_1                      0x0800022f   Thumb Code     0  __rtentry2.o(.ARM.Collect$$rtentry$$00000009)
    __rt_entry_main                          0x08000233   Thumb Code     0  __rtentry2.o(.ARM.Collect$$rtentry$$0000000D)
    __rt_entry_postli_1                      0x08000233   Thumb Code     0  __rtentry2.o(.ARM.Collect$$rtentry$$0000000C)
    __rt_exit                                0x0800023b   Thumb Code     0  rtexit.o(.ARM.Collect$$rtexit$$00000000)
    __rt_exit_ls                             0x0800023d   Thumb Code     0  rtexit2.o(.ARM.Collect$$rtexit$$00000003)
    __rt_exit_prels_1                        0x0800023d   Thumb Code     0  rtexit2.o(.ARM.Collect$$rtexit$$00000002)
    __rt_exit_exit                           0x08000241   Thumb Code     0  rtexit2.o(.ARM.Collect$$rtexit$$00000004)
    Reset_Handler                            0x08000249   Thumb Code     8  startup_stm32f407xx.o(.text)
    NMI_Handler                              0x08000251   Thumb Code     2  startup_stm32f407xx.o(.text)
    HardFault_Handler                        0x08000253   Thumb Code     2  startup_stm32f407xx.o(.text)
    MemManage_Handler                        0x08000255   Thumb Code     2  startup_stm32f407xx.o(.text)
    BusFault_Handler                         0x08000257   Thumb Code     2  startup_stm32f407xx.o(.text)
    UsageFault_Handler                       0x08000259   Thumb Code     2  startup_stm32f407xx.o(.text)
    SVC_Handler                              0x0800025b   Thumb Code     2  startup_stm32f407xx.o(.text)
    DebugMon_Handler                         0x0800025d   Thumb Code     2  startup_stm32f407xx.o(.text)
    PendSV_Handler                           0x0800025f   Thumb Code     2  startup_stm32f407xx.o(.text)
    SysTick_Handler                          0x08000261   Thumb Code     2  startup_stm32f407xx.o(.text)
    ADC_IRQHandler                           0x08000263   Thumb Code     0  startup_stm32f407xx.o(.text)
    CAN1_RX0_IRQHandler                      0x08000263   Thumb Code     0  startup_stm32f407xx.o(.text)
    CAN1_RX1_IRQHandler                      0x08000263   Thumb Code     0  startup_stm32f407xx.o(.text)
    CAN1_SCE_IRQHandler                      0x08000263   Thumb Code     0  startup_stm32f407xx.o(.text)
    CAN1_TX_IRQHandler                       0x08000263   Thumb Code     0  startup_stm32f407xx.o(.text)
    CAN2_RX0_IRQHandler                      0x08000263   Thumb Code     0  startup_stm32f407xx.o(.text)
    CAN2_RX1_IRQHandler                      0x08000263   Thumb Code     0  startup_stm32f407xx.o(.text)
    CAN2_SCE_IRQHandler                      0x08000263   Thumb Code     0  startup_stm32f407xx.o(.text)
    CAN2_TX_IRQHandler                       0x08000263   Thumb Code     0  startup_stm32f407xx.o(.text)
    DCMI_IRQHandler                          0x08000263   Thumb Code     0  startup_stm32f407xx.o(.text)
    DMA1_Stream0_IRQHandler                  0x08000263   Thumb Code     0  startup_stm32f407xx.o(.text)
    DMA1_Stream1_IRQHandler                  0x08000263   Thumb Code     0  startup_stm32f407xx.o(.text)
    DMA1_Stream2_IRQHandler                  0x08000263   Thumb Code     0  startup_stm32f407xx.o(.text)
    DMA1_Stream3_IRQHandler                  0x08000263   Thumb Code     0  startup_stm32f407xx.o(.text)
    DMA1_Stream4_IRQHandler                  0x08000263   Thumb Code     0  startup_stm32f407xx.o(.text)
    DMA1_Stream5_IRQHandler                  0x08000263   Thumb Code     0  startup_stm32f407xx.o(.text)
    DMA1_Stream6_IRQHandler                  0x08000263   Thumb Code     0  startup_stm32f407xx.o(.text)
    DMA1_Stream7_IRQHandler                  0x08000263   Thumb Code     0  startup_stm32f407xx.o(.text)
    DMA2_Stream0_IRQHandler                  0x08000263   Thumb Code     0  startup_stm32f407xx.o(.text)
    DMA2_Stream1_IRQHandler                  0x08000263   Thumb Code     0  startup_stm32f407xx.o(.text)
    DMA2_Stream2_IRQHandler                  0x08000263   Thumb Code     0  startup_stm32f407xx.o(.text)
    DMA2_Stream3_IRQHandler                  0x08000263   Thumb Code     0  startup_stm32f407xx.o(.text)
    DMA2_Stream4_IRQHandler                  0x08000263   Thumb Code     0  startup_stm32f407xx.o(.text)
    DMA2_Stream5_IRQHandler                  0x08000263   Thumb Code     0  startup_stm32f407xx.o(.text)
    DMA2_Stream6_IRQHandler                  0x08000263   Thumb Code     0  startup_stm32f407xx.o(.text)
    DMA2_Stream7_IRQHandler                  0x08000263   Thumb Code     0  startup_stm32f407xx.o(.text)
    ETH_IRQHandler                           0x08000263   Thumb Code     0  startup_stm32f407xx.o(.text)
    ETH_WKUP_IRQHandler                      0x08000263   Thumb Code     0  startup_stm32f407xx.o(.text)
    EXTI0_IRQHandler                         0x08000263   Thumb Code     0  startup_stm32f407xx.o(.text)
    EXTI15_10_IRQHandler                     0x08000263   Thumb Code     0  startup_stm32f407xx.o(.text)
    EXTI1_IRQHandler                         0x08000263   Thumb Code     0  startup_stm32f407xx.o(.text)
    EXTI2_IRQHandler                         0x08000263   Thumb Code     0  startup_stm32f407xx.o(.text)
    EXTI3_IRQHandler                         0x08000263   Thumb Code     0  startup_stm32f407xx.o(.text)
    EXTI4_IRQHandler                         0x08000263   Thumb Code     0  startup_stm32f407xx.o(.text)
    EXTI9_5_IRQHandler                       0x08000263   Thumb Code     0  startup_stm32f407xx.o(.text)
    FLASH_IRQHandler                         0x08000263   Thumb Code     0  startup_stm32f407xx.o(.text)
    FMC_IRQHandler                           0x08000263   Thumb Code     0  startup_stm32f407xx.o(.text)
    FPU_IRQHandler                           0x08000263   Thumb Code     0  startup_stm32f407xx.o(.text)
    HASH_RNG_IRQHandler                      0x08000263   Thumb Code     0  startup_stm32f407xx.o(.text)
    I2C1_ER_IRQHandler                       0x08000263   Thumb Code     0  startup_stm32f407xx.o(.text)
    I2C1_EV_IRQHandler                       0x08000263   Thumb Code     0  startup_stm32f407xx.o(.text)
    I2C2_ER_IRQHandler                       0x08000263   Thumb Code     0  startup_stm32f407xx.o(.text)
    I2C2_EV_IRQHandler                       0x08000263   Thumb Code     0  startup_stm32f407xx.o(.text)
    I2C3_ER_IRQHandler                       0x08000263   Thumb Code     0  startup_stm32f407xx.o(.text)
    I2C3_EV_IRQHandler                       0x08000263   Thumb Code     0  startup_stm32f407xx.o(.text)
    OTG_FS_IRQHandler                        0x08000263   Thumb Code     0  startup_stm32f407xx.o(.text)
    OTG_FS_WKUP_IRQHandler                   0x08000263   Thumb Code     0  startup_stm32f407xx.o(.text)
    OTG_HS_EP1_IN_IRQHandler                 0x08000263   Thumb Code     0  startup_stm32f407xx.o(.text)
    OTG_HS_EP1_OUT_IRQHandler                0x08000263   Thumb Code     0  startup_stm32f407xx.o(.text)
    OTG_HS_IRQHandler                        0x08000263   Thumb Code     0  startup_stm32f407xx.o(.text)
    OTG_HS_WKUP_IRQHandler                   0x08000263   Thumb Code     0  startup_stm32f407xx.o(.text)
    PVD_IRQHandler                           0x08000263   Thumb Code     0  startup_stm32f407xx.o(.text)
    RCC_IRQHandler                           0x08000263   Thumb Code     0  startup_stm32f407xx.o(.text)
    RTC_Alarm_IRQHandler                     0x08000263   Thumb Code     0  startup_stm32f407xx.o(.text)
    RTC_WKUP_IRQHandler                      0x08000263   Thumb Code     0  startup_stm32f407xx.o(.text)
    SDIO_IRQHandler                          0x08000263   Thumb Code     0  startup_stm32f407xx.o(.text)
    SPI1_IRQHandler                          0x08000263   Thumb Code     0  startup_stm32f407xx.o(.text)
    SPI2_IRQHandler                          0x08000263   Thumb Code     0  startup_stm32f407xx.o(.text)
    SPI3_IRQHandler                          0x08000263   Thumb Code     0  startup_stm32f407xx.o(.text)
    TAMP_STAMP_IRQHandler                    0x08000263   Thumb Code     0  startup_stm32f407xx.o(.text)
    TIM1_BRK_TIM9_IRQHandler                 0x08000263   Thumb Code     0  startup_stm32f407xx.o(.text)
    TIM1_CC_IRQHandler                       0x08000263   Thumb Code     0  startup_stm32f407xx.o(.text)
    TIM1_TRG_COM_TIM11_IRQHandler            0x08000263   Thumb Code     0  startup_stm32f407xx.o(.text)
    TIM1_UP_TIM10_IRQHandler                 0x08000263   Thumb Code     0  startup_stm32f407xx.o(.text)
    TIM2_IRQHandler                          0x08000263   Thumb Code     0  startup_stm32f407xx.o(.text)
    TIM3_IRQHandler                          0x08000263   Thumb Code     0  startup_stm32f407xx.o(.text)
    TIM4_IRQHandler                          0x08000263   Thumb Code     0  startup_stm32f407xx.o(.text)
    TIM5_IRQHandler                          0x08000263   Thumb Code     0  startup_stm32f407xx.o(.text)
    TIM8_BRK_TIM12_IRQHandler                0x08000263   Thumb Code     0  startup_stm32f407xx.o(.text)
    TIM8_CC_IRQHandler                       0x08000263   Thumb Code     0  startup_stm32f407xx.o(.text)
    TIM8_TRG_COM_TIM14_IRQHandler            0x08000263   Thumb Code     0  startup_stm32f407xx.o(.text)
    TIM8_UP_TIM13_IRQHandler                 0x08000263   Thumb Code     0  startup_stm32f407xx.o(.text)
    UART4_IRQHandler                         0x08000263   Thumb Code     0  startup_stm32f407xx.o(.text)
    UART5_IRQHandler                         0x08000263   Thumb Code     0  startup_stm32f407xx.o(.text)
    USART1_IRQHandler                        0x08000263   Thumb Code     0  startup_stm32f407xx.o(.text)
    USART2_IRQHandler                        0x08000263   Thumb Code     0  startup_stm32f407xx.o(.text)
    USART3_IRQHandler                        0x08000263   Thumb Code     0  startup_stm32f407xx.o(.text)
    USART6_IRQHandler                        0x08000263   Thumb Code     0  startup_stm32f407xx.o(.text)
    WWDG_IRQHandler                          0x08000263   Thumb Code     0  startup_stm32f407xx.o(.text)
    __user_initial_stackheap                 0x08000265   Thumb Code     0  startup_stm32f407xx.o(.text)
    __use_two_region_memory                  0x08000289   Thumb Code     2  heapauxi.o(.text)
    __rt_heap_escrow$2region                 0x0800028b   Thumb Code     2  heapauxi.o(.text)
    __rt_heap_expand$2region                 0x0800028d   Thumb Code     2  heapauxi.o(.text)
    __user_libspace                          0x08000291   Thumb Code     8  libspace.o(.text)
    __user_perproc_libspace                  0x08000291   Thumb Code     0  libspace.o(.text)
    __user_perthread_libspace                0x08000291   Thumb Code     0  libspace.o(.text)
    __user_setup_stackheap                   0x08000299   Thumb Code    74  sys_stackheap_outer.o(.text)
    exit                                     0x080002e3   Thumb Code    18  exit.o(.text)
    _sys_exit                                0x080002f5   Thumb Code     8  sys_exit.o(.text)
    __I$use$semihosting                      0x08000301   Thumb Code     0  use_no_semi.o(.text)
    __use_no_semihosting_swi                 0x08000301   Thumb Code     2  use_no_semi.o(.text)
    __semihosting_library_function           0x08000303   Thumb Code     0  indicate_semi.o(.text)
    SystemInit                               0x08000305   Thumb Code    82  system_stm32f4xx.o(i.SystemInit)
    TIM6_DAC_IRQHandler                      0x08000369   Thumb Code    22  common.o(i.TIM6_DAC_IRQHandler)
    TIM7_IRQHandler                          0x08000389   Thumb Code    22  common.o(i.TIM7_IRQHandler)
    GPIO_Write(GPIO_TypeDef*, unsigned char, unsigned char) 0x080003a9   Thumb Code    30  gpio.o(i._Z10GPIO_WriteP12GPIO_TypeDefhh)
    USART_Init(USART_Handle_t*)              0x080003f5   Thumb Code   176  usart.o(i._Z10USART_InitP14USART_Handle_t)
    LCD_command(unsigned char)               0x080004a5   Thumb Code   258  lcd.o(i._Z11LCD_commandh)
    TimerPeriClock(TIM_TypeDef*, unsigned char) 0x080005b1   Thumb Code   150  timer.o(i._Z14TimerPeriClockP11TIM_TypeDefh)
    USART_SendData(USART_TypeDef*, unsigned char) 0x0800064d   Thumb Code    28  usart.o(i._Z14USART_SendDataP13USART_TypeDefh)
    USART_SetBaudRate(USART_TypeDef*, unsigned) 0x08000669   Thumb Code    96  usart.o(i._Z17USART_SetBaudRateP13USART_TypeDefj)
    GPIO_Periclock_control(GPIO_TypeDef*, unsigned char) 0x080006d9   Thumb Code   328  gpio.o(i._Z22GPIO_Periclock_controlP12GPIO_TypeDefh)
    USART_PeriClockControl(USART_TypeDef*, unsigned char) 0x08000825   Thumb Code   152  usart.o(i._Z22USART_PeriClockControlP13USART_TypeDefh)
    USART_PeripheralControl(USART_TypeDef*, unsigned char) 0x080008c9   Thumb Code    92  usart.o(i._Z23USART_PeripheralControlP13USART_TypeDefh)
    lcd(char*)                               0x0800092d   Thumb Code    22  lcd.o(i._Z3lcdPc)
    COM1()                                   0x08000945   Thumb Code    42  common.o(i._Z4COM1v)
    jtag()                                   0x08000975   Thumb Code    96  common.o(i._Z4jtagv)
    waitms(unsigned short)                   0x080009dd   Thumb Code    26  timer.o(i._Z6waitmst)
    waitus(unsigned short)                   0x080009f9   Thumb Code    56  timer.o(i._Z6waitust)
    LCD_putc(unsigned char)                  0x08000aa9   Thumb Code   258  lcd.o(i._Z8LCD_putch)
    RCC_Init()                               0x08000bb5   Thumb Code   196  rcc.o(i._Z8RCC_Initv)
    COM1_GPIO()                              0x08000c85   Thumb Code    84  common.o(i._Z9COM1_GPIOv)
    ConfigLcd()                              0x08000cdd   Thumb Code    78  lcd.o(i._Z9ConfigLcdv)
    GPIO_Init(GPIO_Handle_t*)                0x08000d31   Thumb Code   504  gpio.o(i._Z9GPIO_InitP13GPIO_Handle_t)
    delay_con()                              0x08000f35   Thumb Code    42  timer.o(i._Z9delay_conv)
    main                                     0x08000f65   Thumb Code    56  main.o(i.main)
    _fp_init                                 0x08000fbd   Thumb Code    10  fpinit.o(x$fpl$fpinit)
    __fplib_config_fpu_vfp                   0x08000fc5   Thumb Code     0  fpinit.o(x$fpl$fpinit)
    __fplib_config_pureend_doubles           0x08000fc5   Thumb Code     0  fpinit.o(x$fpl$fpinit)
    Region$$Table$$Base                      0x08000fc8   Number         0  anon$$obj.o(Region$$Table)
    Region$$Table$$Limit                     0x08000fe8   Number         0  anon$$obj.o(Region$$Table)
    ps_up                                    0x20000000   Data           1  common.o(.data)
    ps_right                                 0x20000001   Data           1  common.o(.data)
    ps_down                                  0x20000002   Data           1  common.o(.data)
    ps_left                                  0x20000003   Data           1  common.o(.data)
    ps_square                                0x20000004   Data           1  common.o(.data)
    ps_triangle                              0x20000005   Data           1  common.o(.data)
    ps_circle                                0x20000006   Data           1  common.o(.data)
    ps_cross                                 0x20000007   Data           1  common.o(.data)
    ps_select                                0x20000008   Data           1  common.o(.data)
    ps_start                                 0x20000009   Data           1  common.o(.data)
    ps_r1                                    0x2000000a   Data           1  common.o(.data)
    ps_r2                                    0x2000000b   Data           1  common.o(.data)
    ps_l1                                    0x2000000c   Data           1  common.o(.data)
    ps_l2                                    0x2000000d   Data           1  common.o(.data)
    ps_touchpad                              0x2000000e   Data           1  common.o(.data)
    ps_l3                                    0x2000000f   Data           1  common.o(.data)
    goti_drive                               0x20000010   Data           1  common.o(.data)
    one                                      0x20000014   Data           4  common.o(.data)
    two                                      0x20000018   Data           4  common.o(.data)
    three                                    0x2000001c   Data           4  common.o(.data)
    four                                     0x20000020   Data           4  common.o(.data)
    turn_adc                                 0x20000024   Data           4  common.o(.data)
    turn_yes                                 0x20000028   Data           4  common.o(.data)
    top_gate                                 0x2000002c   Data           4  common.o(.data)
    bottom_gate                              0x20000030   Data           4  common.o(.data)
    top_gate_2                               0x20000034   Data           4  common.o(.data)
    left_joy                                 0x20000038   Data           1  common.o(.data)
    right_joy                                0x20000039   Data           1  common.o(.data)
    temp_four                                0x20000040   Data           8  common.o(.data)
    turn_final                               0x20000048   Data           4  common.o(.data)
    major_speed                              0x2000004c   Data           4  common.o(.data)
    minor_speed                              0x20000050   Data           4  common.o(.data)
    kick_count                               0x20000054   Data           1  common.o(.data)
    kapda_count                              0x20000055   Data           1  common.o(.data)
    flap_count                               0x20000056   Data           1  common.o(.data)
    ps2_minor_speed                          0x20000058   Data           4  common.o(.data)
    ps2_major_speed                          0x2000005c   Data           4  common.o(.data)
    countcycle                               0x20000060   Data           4  common.o(.data)
    countcycle1                              0x20000064   Data           4  common.o(.data)
    imucounter                               0x20000068   Data           4  common.o(.data)
    drive_ang                                0x20000070   Data           8  common.o(.data)
    ang                                      0x20000078   Data           8  common.o(.data)
    ans1                                     0x20000080   Data           8  common.o(.data)
    res                                      0x20000088   Data           4  common.o(.data)
    imu_con                                  0x2000008c   Data           1  common.o(.data)
    ans                                      0x20000090   Data           4  common.o(.data)
    count                                    0x20000098   Data           8  common.o(.data)
    proportional_line_sense                  0x200000a0   Data           8  common.o(.data)
    kp_line_sense                            0x200000a8   Data           8  common.o(.data)
    integral_line_sense                      0x200000b0   Data           8  common.o(.data)
    integrald_line_sense                     0x200000b8   Data           8  common.o(.data)
    ki_line_sense                            0x200000c0   Data           8  common.o(.data)
    rate_line_sense                          0x200000c8   Data           8  common.o(.data)
    prev_err                                 0x200000d0   Data           8  common.o(.data)
    derivative_line_sense                    0x200000d8   Data           8  common.o(.data)
    kd_line_sense                            0x200000e0   Data           8  common.o(.data)
    control_line_sense                       0x200000e8   Data           8  common.o(.data)
    icontrol_line_sense                      0x200000f0   Data           8  common.o(.data)
    sum_sensor_v                             0x200000f8   Data           4  common.o(.data)
    sum_sensor_h                             0x200000fc   Data           4  common.o(.data)
    sensor_value                             0x20000100   Data           8  common.o(.data)
    net_error_v_plus                         0x20000108   Data           8  common.o(.data)
    net_error_h_plus                         0x20000110   Data           8  common.o(.data)
    left_junction                            0x20000118   Data           8  common.o(.data)
    right_junction                           0x20000120   Data           8  common.o(.data)
    right_junction_flag                      0x20000128   Data           8  common.o(.data)
    left_junction_flag                       0x20000130   Data           8  common.o(.data)
    full_junction                            0x20000138   Data           8  common.o(.data)
    full_junction_flag                       0x20000140   Data           8  common.o(.data)
    new_line_heading                         0x20000148   Data           8  common.o(.data)
    new_kp_line                              0x20000150   Data           8  common.o(.data)
    x_temp                                   0x20000158   Data           4  common.o(.data)
    y_temp                                   0x2000015c   Data           4  common.o(.data)
    x_dis                                    0x20000160   Data           8  common.o(.data)
    y_dis                                    0x20000168   Data           8  common.o(.data)
    x_d_dis                                  0x20000170   Data           8  common.o(.data)
    y_d_dis                                  0x20000178   Data           8  common.o(.data)
    prev_x_d                                 0x20000180   Data           8  common.o(.data)
    prev_y_d                                 0x20000188   Data           8  common.o(.data)
    th                                       0x20000190   Data           8  common.o(.data)
    readings                                 0x20000198   Data           2  common.o(.data)
    i                                        0x2000019c   Data           4  common.o(.data)
    j                                        0x200001a0   Data           4  common.o(.data)
    x_vel                                    0x200001a8   Data           8  common.o(.data)
    y_vel                                    0x200001b0   Data           8  common.o(.data)
    r_vel                                    0x200001b8   Data           8  common.o(.data)
    ang_vel                                  0x200001c0   Data           8  common.o(.data)
    prev_l                                   0x200001c8   Data           8  common.o(.data)
    prev_r                                   0x200001d0   Data           8  common.o(.data)
    k                                        0x200001d8   Data           8  common.o(.data)
    prev_x                                   0x200001e0   Data           8  common.o(.data)
    prev_y                                   0x200001e8   Data           8  common.o(.data)
    speed                                    0x200001f0   Data           8  common.o(.data)
    Vx                                       0x200001f8   Data           4  common.o(.data)
    Vy                                       0x200001fc   Data           4  common.o(.data)
    kpv                                      0x20000200   Data           4  common.o(.data)
    kdv                                      0x20000204   Data           4  common.o(.data)
    kiv                                      0x20000208   Data           4  common.o(.data)
    prevd_x                                  0x2000020c   Data           4  common.o(.data)
    prevd_y                                  0x20000210   Data           4  common.o(.data)
    integ_x                                  0x20000214   Data           4  common.o(.data)
    integ_y                                  0x20000218   Data           4  common.o(.data)
    m                                        0x20000220   Data           8  common.o(.data)
    d_x                                      0x20000228   Data           8  common.o(.data)
    a_x                                      0x20000230   Data           8  common.o(.data)
    a_y                                      0x20000238   Data           8  common.o(.data)
    d_y                                      0x20000240   Data           8  common.o(.data)
    diff_x                                   0x20000248   Data           8  common.o(.data)
    diff_y                                   0x20000250   Data           8  common.o(.data)
    dis                                      0x20000258   Data           8  common.o(.data)
    dr_ang                                   0x20000260   Data           8  common.o(.data)
    ang_d                                    0x20000268   Data           8  common.o(.data)
    coor_spd                                 0x20000270   Data           8  common.o(.data)
    base_spd                                 0x20000278   Data           8  common.o(.data)
    temp_x                                   0x20000280   Data           4  common.o(.data)
    temp_y                                   0x20000284   Data           4  common.o(.data)
    temp_x1                                  0x20000288   Data           4  common.o(.data)
    temp_x2                                  0x2000028c   Data           4  common.o(.data)
    temp_x3                                  0x20000290   Data           4  common.o(.data)
    temp_y1                                  0x20000294   Data           4  common.o(.data)
    temp_y2                                  0x20000298   Data           4  common.o(.data)
    temp_y3                                  0x2000029c   Data           4  common.o(.data)
    v                                        0x200002a0   Data           1  common.o(.data)
    fl                                       0x200002a4   Data           4  common.o(.data)
    fr                                       0x200002a8   Data           4  common.o(.data)
    bl                                       0x200002ac   Data           4  common.o(.data)
    br                                       0x200002b0   Data           4  common.o(.data)
    cur_tick                                 0x200002b8   Data           8  common.o(.data)
    dif_ang                                  0x200002c0   Data           8  common.o(.data)
    dif_tick                                 0x200002c8   Data           8  common.o(.data)
    prev_error                               0x200002d0   Data           8  common.o(.data)
    integrld                                 0x200002d8   Data           8  common.o(.data)
    temp_tick                                0x200002e0   Data           8  common.o(.data)
    syn_tick                                 0x200002e8   Data           8  common.o(.data)
    icontrl                                  0x200002f0   Data           8  common.o(.data)
    contrl                                   0x200002f8   Data           8  common.o(.data)
    proprnl                                  0x20000300   Data           8  common.o(.data)
    difrnl                                   0x20000308   Data           8  common.o(.data)
    integrl                                  0x20000310   Data           8  common.o(.data)
    s_p                                      0x20000318   Data           8  common.o(.data)
    s_d                                      0x20000320   Data           8  common.o(.data)
    s_i                                      0x20000328   Data           8  common.o(.data)
    s_ang                                    0x20000330   Data           8  common.o(.data)
    rot_spd                                  0x20000338   Data           4  common.o(.data)
    invert                                   0x2000033c   Data           1  common.o(.data)
    navin                                    0x2000033d   Data           1  common.o(.data)
    F_value                                  0x2000033e   Data           2  common.o(.data)
    prev_syn_ang                             0x20000340   Data           2  common.o(.data)
    syn_difference                           0x20000342   Data           2  common.o(.data)
    vel_error                                0x20000348   Data           8  common.o(.data)
    speed_control                            0x20000350   Data           8  common.o(.data)
    ispeed_control                           0x20000358   Data           8  common.o(.data)
    f_speed                                  0x20000360   Data           8  common.o(.data)
    lim11_lim                                0x20000368   Data           8  common.o(.data)
    lim12_lim                                0x20000370   Data           8  common.o(.data)
    lim21_lim                                0x20000378   Data           8  common.o(.data)
    lim22_lim                                0x20000380   Data           8  common.o(.data)
    lim11                                    0x20000388   Data           8  common.o(.data)
    lim12                                    0x20000390   Data           8  common.o(.data)
    lim21                                    0x20000398   Data           8  common.o(.data)
    lim22                                    0x200003a0   Data           8  common.o(.data)
    lim                                      0x200003a8   Data           4  common.o(.data)
    control_speed                            0x200003ac   Data           4  common.o(.data)
    flag                                     0x200003b0   Data           4  common.o(.data)
    previous                                 0x200003b4   Data           4  common.o(.data)
    prevposition                             0x200003b8   Data           4  common.o(.data)
    acc                                      0x200003c0   Data           8  common.o(.data)
    base_value                               0x200003c8   Data           4  common.o(.data)
    tx_1                                     0x200003cc   Data           4  common.o(.data)
    tx_2                                     0x200003d0   Data           4  common.o(.data)
    tx_3                                     0x200003d4   Data           4  common.o(.data)
    tx_4                                     0x200003d8   Data           4  common.o(.data)
    dummyl                                   0x200003dc   Data           1  common.o(.data)
    dummyr                                   0x200003dd   Data           1  common.o(.data)
    txt1                                     0x200003de   Data           1  common.o(.data)
    txt2                                     0x200003df   Data           1  common.o(.data)
    txt3                                     0x200003e0   Data           1  common.o(.data)
    kp                                       0x200003e4   Data           4  common.o(.data)
    ki                                       0x200003e8   Data           4  common.o(.data)
    kd                                       0x200003ec   Data           4  common.o(.data)
    b_heading                                0x200003f0   Data           8  common.o(.data)
    hold_angle                               0x200003f8   Data           8  common.o(.data)
    value_1                                  0x20000400   Data           8  common.o(.data)
    value_2                                  0x20000408   Data           8  common.o(.data)
    value_3                                  0x20000410   Data           8  common.o(.data)
    value_4                                  0x20000418   Data           8  common.o(.data)
    proportional                             0x20000420   Data           8  common.o(.data)
    integral                                 0x20000428   Data           8  common.o(.data)
    derivative                               0x20000430   Data           8  common.o(.data)
    integrald                                0x20000438   Data           8  common.o(.data)
    rate                                     0x20000440   Data           8  common.o(.data)
    control                                  0x20000448   Data           8  common.o(.data)
    old_control                              0x20000450   Data           8  common.o(.data)
    icontrol                                 0x20000458   Data           8  common.o(.data)
    difference                               0x20000460   Data           8  common.o(.data)
    Speedx                                   0x20000468   Data           8  common.o(.data)
    s_tick                                   0x20000470   Data           8  common.o(.data)
    s_p_tick                                 0x20000478   Data           8  common.o(.data)
    s_y_tick                                 0x20000480   Data           8  common.o(.data)
    s_y_p_tick                               0x20000488   Data           8  common.o(.data)
    Speedy                                   0x20000490   Data           8  common.o(.data)
    counter                                  0x20000498   Data           4  common.o(.data)
    prv_counter                              0x2000049c   Data           4  common.o(.data)
    tick_diff                                0x200004a0   Data           4  common.o(.data)
    d_kp                                     0x200004a8   Data           8  common.o(.data)
    d_kd                                     0x200004b0   Data           8  common.o(.data)
    d_ki                                     0x200004b8   Data           8  common.o(.data)
    d_error                                  0x200004c0   Data           8  common.o(.data)
    ideal                                    0x200004c8   Data           8  common.o(.data)
    dr_error                                 0x200004d0   Data           8  common.o(.data)
    out                                      0x200004d8   Data           8  common.o(.data)
    IMU_TIMER                                0x200004e0   Data           4  common.o(.data)
    te                                       0x200004e4   Data           4  common.o(.data)
    __libspace_start                         0x20000504   Data          96  libspace.o(.bss)
    __temporary_stack_top$libspace           0x20000564   Data           0  libspace.o(.bss)



==============================================================================

Memory Map of the image

  Image Entry point : 0x08000189

  Load Region LR_IROM1 (Base: 0x08000000, Size: 0x000014ec, Max: 0x00100000, ABSOLUTE, COMPRESSED[0x00001000])

    Execution Region ER_IROM1 (Exec base: 0x08000000, Load base: 0x08000000, Size: 0x00000fe8, Max: 0x00100000, ABSOLUTE)

    Exec Addr    Load Addr    Size         Type   Attr      Idx    E Section Name        Object

    0x08000000   0x08000000   0x00000188   Data   RO          952    RESET               startup_stm32f407xx.o
    0x08000188   0x08000188   0x00000008   Code   RO         1026  * !!!main             c_w.l(__main.o)
    0x08000190   0x08000190   0x00000034   Code   RO         1414    !!!scatter          c_w.l(__scatter.o)
    0x080001c4   0x080001c4   0x0000003a   Code   RO         1412    !!dczerorl          c_w.l(__dczerorl.o)
    0x080001fe   0x080001fe   0x00000002   PAD
    0x08000200   0x08000200   0x0000001c   Code   RO         1416    !!handler_zi        c_w.l(__scatter_zi.o)
    0x0800021c   0x0800021c   0x00000002   Code   RO         1281    .ARM.Collect$$libinit$$00000000  c_w.l(libinit.o)
    0x0800021e   0x0800021e   0x00000004   Code   RO         1286    .ARM.Collect$$libinit$$00000001  c_w.l(libinit2.o)
    0x08000222   0x08000222   0x00000000   Code   RO         1289    .ARM.Collect$$libinit$$00000004  c_w.l(libinit2.o)
    0x08000222   0x08000222   0x00000000   Code   RO         1292    .ARM.Collect$$libinit$$0000000A  c_w.l(libinit2.o)
    0x08000222   0x08000222   0x00000000   Code   RO         1294    .ARM.Collect$$libinit$$0000000C  c_w.l(libinit2.o)
    0x08000222   0x08000222   0x00000000   Code   RO         1296    .ARM.Collect$$libinit$$0000000E  c_w.l(libinit2.o)
    0x08000222   0x08000222   0x00000000   Code   RO         1299    .ARM.Collect$$libinit$$00000011  c_w.l(libinit2.o)
    0x08000222   0x08000222   0x00000000   Code   RO         1301    .ARM.Collect$$libinit$$00000013  c_w.l(libinit2.o)
    0x08000222   0x08000222   0x00000000   Code   RO         1303    .ARM.Collect$$libinit$$00000015  c_w.l(libinit2.o)
    0x08000222   0x08000222   0x00000000   Code   RO         1305    .ARM.Collect$$libinit$$00000017  c_w.l(libinit2.o)
    0x08000222   0x08000222   0x00000000   Code   RO         1307    .ARM.Collect$$libinit$$00000019  c_w.l(libinit2.o)
    0x08000222   0x08000222   0x00000000   Code   RO         1309    .ARM.Collect$$libinit$$0000001B  c_w.l(libinit2.o)
    0x08000222   0x08000222   0x00000000   Code   RO         1311    .ARM.Collect$$libinit$$0000001D  c_w.l(libinit2.o)
    0x08000222   0x08000222   0x00000000   Code   RO         1313    .ARM.Collect$$libinit$$0000001F  c_w.l(libinit2.o)
    0x08000222   0x08000222   0x00000000   Code   RO         1315    .ARM.Collect$$libinit$$00000021  c_w.l(libinit2.o)
    0x08000222   0x08000222   0x00000000   Code   RO         1317    .ARM.Collect$$libinit$$00000023  c_w.l(libinit2.o)
    0x08000222   0x08000222   0x00000000   Code   RO         1319    .ARM.Collect$$libinit$$00000025  c_w.l(libinit2.o)
    0x08000222   0x08000222   0x00000000   Code   RO         1323    .ARM.Collect$$libinit$$0000002C  c_w.l(libinit2.o)
    0x08000222   0x08000222   0x00000000   Code   RO         1325    .ARM.Collect$$libinit$$0000002E  c_w.l(libinit2.o)
    0x08000222   0x08000222   0x00000000   Code   RO         1327    .ARM.Collect$$libinit$$00000030  c_w.l(libinit2.o)
    0x08000222   0x08000222   0x00000000   Code   RO         1329    .ARM.Collect$$libinit$$00000032  c_w.l(libinit2.o)
    0x08000222   0x08000222   0x00000002   Code   RO         1330    .ARM.Collect$$libinit$$00000033  c_w.l(libinit2.o)
    0x08000224   0x08000224   0x00000002   Code   RO         1352    .ARM.Collect$$libshutdown$$00000000  c_w.l(libshutdown.o)
    0x08000226   0x08000226   0x00000000   Code   RO         1365    .ARM.Collect$$libshutdown$$00000002  c_w.l(libshutdown2.o)
    0x08000226   0x08000226   0x00000000   Code   RO         1367    .ARM.Collect$$libshutdown$$00000004  c_w.l(libshutdown2.o)
    0x08000226   0x08000226   0x00000000   Code   RO         1370    .ARM.Collect$$libshutdown$$00000007  c_w.l(libshutdown2.o)
    0x08000226   0x08000226   0x00000000   Code   RO         1373    .ARM.Collect$$libshutdown$$0000000A  c_w.l(libshutdown2.o)
    0x08000226   0x08000226   0x00000000   Code   RO         1375    .ARM.Collect$$libshutdown$$0000000C  c_w.l(libshutdown2.o)
    0x08000226   0x08000226   0x00000000   Code   RO         1378    .ARM.Collect$$libshutdown$$0000000F  c_w.l(libshutdown2.o)
    0x08000226   0x08000226   0x00000002   Code   RO         1379    .ARM.Collect$$libshutdown$$00000010  c_w.l(libshutdown2.o)
    0x08000228   0x08000228   0x00000000   Code   RO         1152    .ARM.Collect$$rtentry$$00000000  c_w.l(__rtentry.o)
    0x08000228   0x08000228   0x00000000   Code   RO         1246    .ARM.Collect$$rtentry$$00000002  c_w.l(__rtentry2.o)
    0x08000228   0x08000228   0x00000006   Code   RO         1258    .ARM.Collect$$rtentry$$00000004  c_w.l(__rtentry4.o)
    0x0800022e   0x0800022e   0x00000000   Code   RO         1248    .ARM.Collect$$rtentry$$00000009  c_w.l(__rtentry2.o)
    0x0800022e   0x0800022e   0x00000004   Code   RO         1249    .ARM.Collect$$rtentry$$0000000A  c_w.l(__rtentry2.o)
    0x08000232   0x08000232   0x00000000   Code   RO         1251    .ARM.Collect$$rtentry$$0000000C  c_w.l(__rtentry2.o)
    0x08000232   0x08000232   0x00000008   Code   RO         1252    .ARM.Collect$$rtentry$$0000000D  c_w.l(__rtentry2.o)
    0x0800023a   0x0800023a   0x00000002   Code   RO         1284    .ARM.Collect$$rtexit$$00000000  c_w.l(rtexit.o)
    0x0800023c   0x0800023c   0x00000000   Code   RO         1334    .ARM.Collect$$rtexit$$00000002  c_w.l(rtexit2.o)
    0x0800023c   0x0800023c   0x00000004   Code   RO         1335    .ARM.Collect$$rtexit$$00000003  c_w.l(rtexit2.o)
    0x08000240   0x08000240   0x00000006   Code   RO         1336    .ARM.Collect$$rtexit$$00000004  c_w.l(rtexit2.o)
    0x08000246   0x08000246   0x00000002   PAD
    0x08000248   0x08000248   0x00000040   Code   RO          953    .text               startup_stm32f407xx.o
    0x08000288   0x08000288   0x00000006   Code   RO         1024    .text               c_w.l(heapauxi.o)
    0x0800028e   0x0800028e   0x00000002   PAD
    0x08000290   0x08000290   0x00000008   Code   RO         1269    .text               c_w.l(libspace.o)
    0x08000298   0x08000298   0x0000004a   Code   RO         1272    .text               c_w.l(sys_stackheap_outer.o)
    0x080002e2   0x080002e2   0x00000012   Code   RO         1274    .text               c_w.l(exit.o)
    0x080002f4   0x080002f4   0x0000000c   Code   RO         1344    .text               c_w.l(sys_exit.o)
    0x08000300   0x08000300   0x00000002   Code   RO         1355    .text               c_w.l(use_no_semi.o)
    0x08000302   0x08000302   0x00000000   Code   RO         1357    .text               c_w.l(indicate_semi.o)
    0x08000302   0x08000302   0x00000002   PAD
    0x08000304   0x08000304   0x00000064   Code   RO          961    i.SystemInit        system_stm32f4xx.o
    0x08000368   0x08000368   0x00000020   Code   RO           97    i.TIM6_DAC_IRQHandler  common.o
    0x08000388   0x08000388   0x00000020   Code   RO           98    i.TIM7_IRQHandler   common.o
    0x080003a8   0x080003a8   0x0000001e   Code   RO          490    i._Z10GPIO_WriteP12GPIO_TypeDefhh  gpio.o
    0x080003c6   0x080003c6   0x00000002   PAD
    0x080003c8   0x080003c8   0x0000002c   Code   RO          646    i._Z10LCD_enablev   lcd.o
    0x080003f4   0x080003f4   0x000000b0   Code   RO          887    i._Z10USART_InitP14USART_Handle_t  usart.o
    0x080004a4   0x080004a4   0x0000010c   Code   RO          647    i._Z11LCD_commandh  lcd.o
    0x080005b0   0x080005b0   0x0000009c   Code   RO          828    i._Z14TimerPeriClockP11TIM_TypeDefh  timer.o
    0x0800064c   0x0800064c   0x0000001c   Code   RO          888    i._Z14USART_SendDataP13USART_TypeDefh  usart.o
    0x08000668   0x08000668   0x00000070   Code   RO          890    i._Z17USART_SetBaudRateP13USART_TypeDefj  usart.o
    0x080006d8   0x080006d8   0x0000014c   Code   RO          496    i._Z22GPIO_Periclock_controlP12GPIO_TypeDefh  gpio.o
    0x08000824   0x08000824   0x000000a4   Code   RO          891    i._Z22USART_PeriClockControlP13USART_TypeDefh  usart.o
    0x080008c8   0x080008c8   0x00000064   Code   RO          892    i._Z23USART_PeripheralControlP13USART_TypeDefh  usart.o
    0x0800092c   0x0800092c   0x00000016   Code   RO          648    i._Z3lcdPc          lcd.o
    0x08000942   0x08000942   0x00000002   PAD
    0x08000944   0x08000944   0x00000030   Code   RO          126    i._Z4COM1v          common.o
    0x08000974   0x08000974   0x00000068   Code   RO          130    i._Z4jtagv          common.o
    0x080009dc   0x080009dc   0x0000001a   Code   RO          830    i._Z6waitmst        timer.o
    0x080009f6   0x080009f6   0x00000002   PAD
    0x080009f8   0x080009f8   0x0000003c   Code   RO          831    i._Z6waitust        timer.o
    0x08000a34   0x08000a34   0x00000074   Code   RO          653    i._Z8LCD_GPIOv      lcd.o
    0x08000aa8   0x08000aa8   0x0000010c   Code   RO          654    i._Z8LCD_putch      lcd.o
    0x08000bb4   0x08000bb4   0x000000d0   Code   RO          742    i._Z8RCC_Initv      rcc.o
    0x08000c84   0x08000c84   0x00000058   Code   RO          136    i._Z9COM1_GPIOv     common.o
    0x08000cdc   0x08000cdc   0x00000054   Code   RO          655    i._Z9ConfigLcdv     lcd.o
    0x08000d30   0x08000d30   0x00000204   Code   RO          497    i._Z9GPIO_InitP13GPIO_Handle_t  gpio.o
    0x08000f34   0x08000f34   0x00000030   Code   RO          832    i._Z9delay_conv     timer.o
    0x08000f64   0x08000f64   0x00000058   Code   RO            4    i.main              main.o
    0x08000fbc   0x08000fbc   0x0000000a   Code   RO         1342    x$fpl$fpinit        fz_wm.l(fpinit.o)
    0x08000fc6   0x08000fc6   0x00000002   PAD
    0x08000fc8   0x08000fc8   0x00000020   Data   RO         1410    Region$$Table       anon$$obj.o


    Execution Region RW_IRAM1 (Exec base: 0x20000000, Load base: 0x08000fe8, Size: 0x00000b68, Max: 0x00020000, ABSOLUTE, COMPRESSED[0x00000018])

    Exec Addr    Load Addr    Size         Type   Attr      Idx    E Section Name        Object

    0x20000000   COMPRESSED   0x00000504   Data   RW          192    .data               common.o
    0x20000504        -       0x00000060   Zero   RW         1270    .bss                c_w.l(libspace.o)
    0x20000564   COMPRESSED   0x00000004   PAD
    0x20000568        -       0x00000200   Zero   RW          951    HEAP                startup_stm32f407xx.o
    0x20000768        -       0x00000400   Zero   RW          950    STACK               startup_stm32f407xx.o


==============================================================================

Image component sizes


      Code (inc. data)   RO Data    RW Data    ZI Data      Debug   Object Name

       304         38          0       1284          0      19249   common.o
       878         36          0          0          0       2578   gpio.o
       802         38          0          0          0       3507   lcd.o
        88         32          0          0          0     564031   main.o
       208         12          0          0          0        527   rcc.o
        64         26        392          0       1536        876   startup_stm32f407xx.o
       100         18          0          0          0       1981   system_stm32f4xx.o
       290         24          0          0          0       2551   timer.o
       580         36          0          0          0       5045   usart.o

    ----------------------------------------------------------------------
      3320        260        424       1284       1536     600345   Object Totals
         0          0         32          0          0          0   (incl. Generated)
         6          0          0          0          0          0   (incl. Padding)

    ----------------------------------------------------------------------

      Code (inc. data)   RO Data    RW Data    ZI Data      Debug   Library Member Name

        58          0          0          0          0          0   __dczerorl.o
         8          0          0          0          0         68   __main.o
         0          0          0          0          0          0   __rtentry.o
        12          0          0          0          0          0   __rtentry2.o
         6          0          0          0          0          0   __rtentry4.o
        52          8          0          0          0          0   __scatter.o
        28          0          0          0          0          0   __scatter_zi.o
        18          0          0          0          0         80   exit.o
         6          0          0          0          0        152   heapauxi.o
         0          0          0          0          0          0   indicate_semi.o
         2          0          0          0          0          0   libinit.o
         6          0          0          0          0          0   libinit2.o
         2          0          0          0          0          0   libshutdown.o
         2          0          0          0          0          0   libshutdown2.o
         8          4          0          0         96         68   libspace.o
         2          0          0          0          0          0   rtexit.o
        10          0          0          0          0          0   rtexit2.o
        12          4          0          0          0         68   sys_exit.o
        74          0          0          0          0         80   sys_stackheap_outer.o
         2          0          0          0          0         68   use_no_semi.o
        10          0          0          0          0        116   fpinit.o

    ----------------------------------------------------------------------
       328         16          0          0        100        700   Library Totals
        10          0          0          0          4          0   (incl. Padding)

    ----------------------------------------------------------------------

      Code (inc. data)   RO Data    RW Data    ZI Data      Debug   Library Name

       308         16          0          0         96        584   c_w.l
        10          0          0          0          0        116   fz_wm.l

    ----------------------------------------------------------------------
       328         16          0          0        100        700   Library Totals

    ----------------------------------------------------------------------

==============================================================================


      Code (inc. data)   RO Data    RW Data    ZI Data      Debug   

      3648        276        424       1284       1636     598689   Grand Totals
      3648        276        424         24       1636     598689   ELF Image Totals (compressed)
      3648        276        424         24          0          0   ROM Totals

==============================================================================

    Total RO  Size (Code + RO Data)                 4072 (   3.98kB)
    Total RW  Size (RW Data + ZI Data)              2920 (   2.85kB)
    Total ROM Size (Code + RO Data + RW Data)       4096 (   4.00kB)

==============================================================================

